Component: ARM Compiler 5.06 update 7 (build 960) Tool: armlink [4d3601]

==============================================================================

Section Cross References

    stm32f3xx_ll_exti.o(i.LL_EXTI_Init) refers to stm32f3xx_ll_exti.o(i.LL_EXTI_DisableEvent_0_31) for LL_EXTI_DisableEvent_0_31
    stm32f3xx_ll_exti.o(i.LL_EXTI_Init) refers to stm32f3xx_ll_exti.o(i.LL_EXTI_EnableIT_0_31) for LL_EXTI_EnableIT_0_31
    stm32f3xx_ll_exti.o(i.LL_EXTI_Init) refers to stm32f3xx_ll_exti.o(i.LL_EXTI_DisableIT_0_31) for LL_EXTI_DisableIT_0_31
    stm32f3xx_ll_exti.o(i.LL_EXTI_Init) refers to stm32f3xx_ll_exti.o(i.LL_EXTI_EnableEvent_0_31) for LL_EXTI_EnableEvent_0_31
    stm32f3xx_ll_exti.o(i.LL_EXTI_Init) refers to stm32f3xx_ll_exti.o(i.LL_EXTI_EnableRisingTrig_0_31) for LL_EXTI_EnableRisingTrig_0_31
    stm32f3xx_ll_exti.o(i.LL_EXTI_Init) refers to stm32f3xx_ll_exti.o(i.LL_EXTI_EnableFallingTrig_0_31) for LL_EXTI_EnableFallingTrig_0_31
    stm32f3xx_ll_exti.o(i.LL_EXTI_Init) refers to stm32f3xx_ll_exti.o(i.LL_EXTI_DisableEvent_32_63) for LL_EXTI_DisableEvent_32_63
    stm32f3xx_ll_exti.o(i.LL_EXTI_Init) refers to stm32f3xx_ll_exti.o(i.LL_EXTI_EnableIT_32_63) for LL_EXTI_EnableIT_32_63
    stm32f3xx_ll_exti.o(i.LL_EXTI_Init) refers to stm32f3xx_ll_exti.o(i.LL_EXTI_DisableIT_32_63) for LL_EXTI_DisableIT_32_63
    stm32f3xx_ll_exti.o(i.LL_EXTI_Init) refers to stm32f3xx_ll_exti.o(i.LL_EXTI_EnableEvent_32_63) for LL_EXTI_EnableEvent_32_63
    stm32f3xx_ll_exti.o(i.LL_EXTI_Init) refers to stm32f3xx_ll_exti.o(i.LL_EXTI_EnableRisingTrig_32_63) for LL_EXTI_EnableRisingTrig_32_63
    stm32f3xx_ll_exti.o(i.LL_EXTI_Init) refers to stm32f3xx_ll_exti.o(i.LL_EXTI_EnableFallingTrig_32_63) for LL_EXTI_EnableFallingTrig_32_63
    stm32f3xx_ll_gpio.o(i.LL_GPIO_DeInit) refers to stm32f3xx_ll_gpio.o(i.LL_AHB1_GRP1_ForceReset) for LL_AHB1_GRP1_ForceReset
    stm32f3xx_ll_gpio.o(i.LL_GPIO_DeInit) refers to stm32f3xx_ll_gpio.o(i.LL_AHB1_GRP1_ReleaseReset) for LL_AHB1_GRP1_ReleaseReset
    stm32f3xx_ll_rcc.o(i.LL_RCC_DeInit) refers to stm32f3xx_ll_rcc.o(i.LL_RCC_HSI_IsReady) for LL_RCC_HSI_IsReady
    stm32f3xx_ll_rcc.o(i.LL_RCC_DeInit) refers to stm32f3xx_ll_rcc.o(i.LL_RCC_PLL_IsReady) for LL_RCC_PLL_IsReady
    stm32f3xx_ll_rcc.o(i.LL_RCC_GetADCClockFreq) refers to stm32f3xx_ll_rcc.o(i.RCC_GetSystemClockFreq) for RCC_GetSystemClockFreq
    stm32f3xx_ll_rcc.o(i.LL_RCC_GetADCClockFreq) refers to stm32f3xx_ll_rcc.o(i.RCC_GetHCLKClockFreq) for RCC_GetHCLKClockFreq
    stm32f3xx_ll_rcc.o(i.LL_RCC_GetADCClockFreq) refers to stm32f3xx_ll_rcc.o(i.RCC_GetPCLK2ClockFreq) for RCC_GetPCLK2ClockFreq
    stm32f3xx_ll_rcc.o(i.LL_RCC_GetADCClockFreq) refers to stm32f3xx_ll_rcc.o(.constdata) for aADCPrescTable
    stm32f3xx_ll_rcc.o(i.LL_RCC_GetI2CClockFreq) refers to stm32f3xx_ll_rcc.o(i.LL_RCC_GetI2CClockSource) for LL_RCC_GetI2CClockSource
    stm32f3xx_ll_rcc.o(i.LL_RCC_GetI2CClockFreq) refers to stm32f3xx_ll_rcc.o(i.RCC_GetSystemClockFreq) for RCC_GetSystemClockFreq
    stm32f3xx_ll_rcc.o(i.LL_RCC_GetI2CClockFreq) refers to stm32f3xx_ll_rcc.o(i.LL_RCC_HSI_IsReady) for LL_RCC_HSI_IsReady
    stm32f3xx_ll_rcc.o(i.LL_RCC_GetI2SClockFreq) refers to stm32f3xx_ll_rcc.o(i.RCC_GetSystemClockFreq) for RCC_GetSystemClockFreq
    stm32f3xx_ll_rcc.o(i.LL_RCC_GetSystemClocksFreq) refers to stm32f3xx_ll_rcc.o(i.RCC_GetSystemClockFreq) for RCC_GetSystemClockFreq
    stm32f3xx_ll_rcc.o(i.LL_RCC_GetSystemClocksFreq) refers to stm32f3xx_ll_rcc.o(i.RCC_GetHCLKClockFreq) for RCC_GetHCLKClockFreq
    stm32f3xx_ll_rcc.o(i.LL_RCC_GetSystemClocksFreq) refers to stm32f3xx_ll_rcc.o(i.RCC_GetPCLK1ClockFreq) for RCC_GetPCLK1ClockFreq
    stm32f3xx_ll_rcc.o(i.LL_RCC_GetSystemClocksFreq) refers to stm32f3xx_ll_rcc.o(i.RCC_GetPCLK2ClockFreq) for RCC_GetPCLK2ClockFreq
    stm32f3xx_ll_rcc.o(i.LL_RCC_GetTIMClockFreq) refers to stm32f3xx_ll_rcc.o(i.LL_RCC_GetTIMClockSource) for LL_RCC_GetTIMClockSource
    stm32f3xx_ll_rcc.o(i.LL_RCC_GetTIMClockFreq) refers to stm32f3xx_ll_rcc.o(i.RCC_GetSystemClockFreq) for RCC_GetSystemClockFreq
    stm32f3xx_ll_rcc.o(i.LL_RCC_GetTIMClockFreq) refers to stm32f3xx_ll_rcc.o(i.RCC_GetHCLKClockFreq) for RCC_GetHCLKClockFreq
    stm32f3xx_ll_rcc.o(i.LL_RCC_GetTIMClockFreq) refers to stm32f3xx_ll_rcc.o(i.RCC_GetPCLK2ClockFreq) for RCC_GetPCLK2ClockFreq
    stm32f3xx_ll_rcc.o(i.LL_RCC_GetTIMClockFreq) refers to stm32f3xx_ll_rcc.o(i.RCC_PLL_GetFreqDomain_SYS) for RCC_PLL_GetFreqDomain_SYS
    stm32f3xx_ll_rcc.o(i.LL_RCC_GetUARTClockFreq) refers to stm32f3xx_ll_rcc.o(i.LL_RCC_GetUARTClockSource) for LL_RCC_GetUARTClockSource
    stm32f3xx_ll_rcc.o(i.LL_RCC_GetUARTClockFreq) refers to stm32f3xx_ll_rcc.o(i.RCC_GetSystemClockFreq) for RCC_GetSystemClockFreq
    stm32f3xx_ll_rcc.o(i.LL_RCC_GetUARTClockFreq) refers to stm32f3xx_ll_rcc.o(i.LL_RCC_HSI_IsReady) for LL_RCC_HSI_IsReady
    stm32f3xx_ll_rcc.o(i.LL_RCC_GetUARTClockFreq) refers to stm32f3xx_ll_rcc.o(i.LL_RCC_LSE_IsReady) for LL_RCC_LSE_IsReady
[...]
    Removing stm32f3xx_ll_tim.o(i.OC5Config), (136 bytes).
    Removing stm32f3xx_ll_tim.o(i.OC6Config), (132 bytes).
    Removing stm32f3xx_ll_tim.o(.constdata), (45 bytes).
    Removing stm32f3xx_ll_usart.o(.rev16_text), (4 bytes).
    Removing stm32f3xx_ll_usart.o(.revsh_text), (4 bytes).
    Removing stm32f3xx_ll_usart.o(.rrx_text), (6 bytes).
    Removing stm32f3xx_ll_usart.o(i.LL_APB1_GRP1_ForceReset), (16 bytes).
    Removing stm32f3xx_ll_usart.o(i.LL_APB1_GRP1_ReleaseReset), (16 bytes).
    Removing stm32f3xx_ll_usart.o(i.LL_USART_ClockInit), (66 bytes).
    Removing stm32f3xx_ll_usart.o(i.LL_USART_ClockStructInit), (12 bytes).
    Removing stm32f3xx_ll_usart.o(i.LL_USART_DeInit), (168 bytes).
    Removing stm32f3xx_ll_usart.o(i.LL_USART_Init), (268 bytes).
    Removing stm32f3xx_ll_usart.o(i.LL_USART_IsEnabled), (10 bytes).
    Removing stm32f3xx_ll_usart.o(i.LL_USART_StructInit), (26 bytes).
    Removing stm32f3xx_ll_utils.o(.rev16_text), (4 bytes).
    Removing stm32f3xx_ll_utils.o(.revsh_text), (4 bytes).
    Removing stm32f3xx_ll_utils.o(.rrx_text), (6 bytes).
    Removing stm32f3xx_ll_utils.o(i.LL_PLL_ConfigSystemClock_HSE), (148 bytes).
    Removing stm32f3xx_ll_utils.o(i.LL_PLL_ConfigSystemClock_HSI), (104 bytes).
    Removing stm32f3xx_ll_utils.o(i.LL_RCC_HSE_IsReady), (16 bytes).
    Removing stm32f3xx_ll_utils.o(i.LL_RCC_HSI_IsReady), (16 bytes).
    Removing stm32f3xx_ll_utils.o(i.LL_RCC_PLL_ConfigDomain_SYS), (36 bytes).
    Removing stm32f3xx_ll_utils.o(i.LL_RCC_PLL_IsReady), (16 bytes).
    Removing stm32f3xx_ll_utils.o(i.LL_mDelay), (40 bytes).
    Removing stm32f3xx_ll_utils.o(i.UTILS_EnablePLLAndSwitchSystem), (224 bytes).
    Removing stm32f3xx_ll_utils.o(i.UTILS_GetPLLOutputFrequency), (42 bytes).
    Removing stm32f3xx_ll_utils.o(i.UTILS_PLL_IsBusy), (16 bytes).
    Removing stm32f3xx_ll_utils.o(i.UTILS_SetFlashLatency), (80 bytes).
    Removing main.o(.rev16_text), (4 bytes).
    Removing main.o(.revsh_text), (4 bytes).
    Removing main.o(.rrx_text), (6 bytes).
    Removing main.o(.constdata), (45 bytes).
    Removing stm32f3xx_it.o(.rev16_text), (4 bytes).
    Removing stm32f3xx_it.o(.revsh_text), (4 bytes).
    Removing stm32f3xx_it.o(.rrx_text), (6 bytes).
    Removing stm32f3xx_it.o(.constdata), (45 bytes).
    Removing lcd_ili9325.o(.rev16_text), (4 bytes).
    Removing lcd_ili9325.o(.revsh_text), (4 bytes).
    Removing lcd_ili9325.o(.rrx_text), (6 bytes).
    Removing lcd_ili9325.o(i.lcd_fill_region), (148 bytes).
    Removing lcd_ili9325.o(.constdata), (45 bytes).
    Removing systickms.o(.rev16_text), (4 bytes).
    Removing systickms.o(.revsh_text), (4 bytes).
    Removing systickms.o(.rrx_text), (6 bytes).
    Removing systickms.o(.constdata), (45 bytes).
    Removing keypad.o(.rev16_text), (4 bytes).
    Removing keypad.o(.revsh_text), (4 bytes).
    Removing keypad.o(.rrx_text), (6 bytes).
    Removing keypad.o(.constdata), (45 bytes).
    Removing display.o(.rev16_text), (4 bytes).
    Removing display.o(.revsh_text), (4 bytes).
    Removing display.o(.rrx_text), (6 bytes).
    Removing display.o(i.LCDlinestr), (164 bytes).
    Removing display.o(i.bufLCDprint), (90 bytes).
    Removing display.o(i.putbuf_char), (84 bytes).
    Removing display.o(.constdata), (45 bytes).
    Removing draw.o(.rev16_text), (4 bytes).
    Removing draw.o(.revsh_text), (4 bytes).
    Removing draw.o(.rrx_text), (6 bytes).
    Removing draw.o(.constdata), (45 bytes).
    Removing statesystem.o(.rev16_text), (4 bytes).
    Removing statesystem.o(.revsh_text), (4 bytes).
    Removing statesystem.o(.rrx_text), (6 bytes).
    Removing statesystem.o(.constdata), (45 bytes).
    Removing snakemovementstate.o(.rev16_text), (4 bytes).
    Removing snakemovementstate.o(.revsh_text), (4 bytes).
    Removing snakemovementstate.o(.rrx_text), (6 bytes).
    Removing snakemovementstate.o(.constdata), (45 bytes).
    Removing menustate.o(.rev16_text), (4 bytes).
    Removing menustate.o(.revsh_text), (4 bytes).
    Removing menustate.o(.rrx_text), (6 bytes).
    Removing menustate.o(.constdata), (45 bytes).
    Removing snakepart.o(.rev16_text), (4 bytes).
    Removing snakepart.o(.revsh_text), (4 bytes).
    Removing snakepart.o(.rrx_text), (6 bytes).
    Removing snakepart.o(.constdata), (45 bytes).
    Removing applegenerator.o(.rev16_text), (4 bytes).
    Removing applegenerator.o(.revsh_text), (4 bytes).
    Removing applegenerator.o(.rrx_text), (6 bytes).
    Removing applegenerator.o(.constdata), (45 bytes).
    Removing gameoverstate.o(.rev16_text), (4 bytes).
    Removing gameoverstate.o(.revsh_text), (4 bytes).
    Removing gameoverstate.o(.rrx_text), (6 bytes).
    Removing gameoverstate.o(.constdata), (45 bytes).
    Removing uart.o(.rev16_text), (4 bytes).
    Removing uart.o(.revsh_text), (4 bytes).
    Removing uart.o(.rrx_text), (6 bytes).
    Removing uart.o(i.Init_UART2), (552 bytes).
    Removing uart.o(i.LL_GPIO_SetAFPin_0_7), (40 bytes).
    Removing uart.o(i.LL_GPIO_SetPinMode), (40 bytes).
    Removing uart.o(i.LL_GPIO_SetPinOutputType), (16 bytes).
    Removing uart.o(i.LL_GPIO_SetPinPull), (40 bytes).
    Removing uart.o(i.LL_GPIO_SetPinSpeed), (40 bytes).
    Removing uart.o(i.LL_USART_EnableIT_TXE), (10 bytes).
    Removing uart.o(i.LL_USART_TransmitData8), (4 bytes).
    Removing uart.o(i.USART_CharReception_Callback), (88 bytes).
    Removing uart.o(i.USART_CharTransmitComplete_Callback), (60 bytes).
    Removing uart.o(i.USART_TXEmpty_Callback), (88 bytes).
    Removing uart.o(i.USART_TransferError_Callback), (56 bytes).
    Removing uart.o(i.getRxpoll), (56 bytes).
    Removing uart.o(i.rxstate), (88 bytes).
    Removing uart.o(i.transmitRxbuf), (100 bytes).
    Removing uart.o(i.transmitStr), (100 bytes).
    Removing uart.o(.bss), (350 bytes).
    Removing uart.o(.constdata), (45 bytes).
    Removing uart.o(.data), (364 bytes).
    Removing wallgenerator.o(.rev16_text), (4 bytes).
    Removing wallgenerator.o(.revsh_text), (4 bytes).
    Removing wallgenerator.o(.rrx_text), (6 bytes).
    Removing wallgenerator.o(.constdata), (45 bytes).
    Removing soundmanager.o(.rev16_text), (4 bytes).
    Removing soundmanager.o(.revsh_text), (4 bytes).
    Removing soundmanager.o(.rrx_text), (6 bytes).
    Removing soundmanager.o(.constdata), (45 bytes).
    Removing retarget_io.o(i.ITM_ReceiveChar), (36 bytes).
    Removing retarget_io.o(i.__aeabi_assert), (156 bytes).
    Removing retarget_io.o(i.__backspace), (8 bytes).
    Removing retarget_io.o(i.abort), (4 bytes).
    Removing retarget_io.o(i.fgetc), (8 bytes).
    Removing retarget_io.o(.data), (4 bytes).
    Removing system_stm32f3xx.o(.rev16_text), (4 bytes).
    Removing system_stm32f3xx.o(.revsh_text), (4 bytes).
    Removing system_stm32f3xx.o(.rrx_text), (6 bytes).
    Removing dadd.o(.text), (334 bytes).
    Removing dfixul.o(.text), (48 bytes).
    Removing cdrcmple.o(.text), (48 bytes).
    Removing soundmanager.o(i.speaker_reset), (18 bytes).
    Removing soundmanager.o(i.sound_test), (64 bytes).

207 unused section(s) (total 10581 bytes) removed from the image.

==============================================================================

Image Symbol Table

    Local Symbols

    Symbol Name                              Value     Ov Type        Size  Object(Section)

    ../clib/../cmprslib/zerorunl2.c          0x00000000   Number         0  __dczerorl2.o ABSOLUTE
    ../clib/microlib/division.c              0x00000000   Number         0  uldiv.o ABSOLUTE
    ../clib/microlib/division.c              0x00000000   Number         0  uidiv.o ABSOLUTE
    ../clib/microlib/init/entry.s            0x00000000   Number         0  entry11b.o ABSOLUTE
    ../clib/microlib/init/entry.s            0x00000000   Number         0  entry11a.o ABSOLUTE
    ../clib/microlib/init/entry.s            0x00000000   Number         0  entry10b.o ABSOLUTE
    ../clib/microlib/init/entry.s            0x00000000   Number         0  entry5.o ABSOLUTE
    ../clib/microlib/init/entry.s            0x00000000   Number         0  entry10a.o ABSOLUTE
    ../clib/microlib/init/entry.s            0x00000000   Number         0  entry12b.o ABSOLUTE
    ../clib/microlib/init/entry.s            0x00000000   Number         0  entry12a.o ABSOLUTE
    ../clib/microlib/init/entry.s            0x00000000   Number         0  entry9b.o ABSOLUTE
    ../clib/microlib/init/entry.s            0x00000000   Number         0  entry9a.o ABSOLUTE
    ../clib/microlib/init/entry.s            0x00000000   Number         0  entry8b.o ABSOLUTE
    ../clib/microlib/init/entry.s            0x00000000   Number         0  entry8a.o ABSOLUTE
    ../clib/microlib/init/entry.s            0x00000000   Number         0  entry7b.o ABSOLUTE
    ../clib/microlib/init/entry.s            0x00000000   Number         0  entry7a.o ABSOLUTE
    ../clib/microlib/init/entry.s            0x00000000   Number         0  entry2.o ABSOLUTE
    ../clib/microlib/init/entry.s            0x00000000   Number         0  entry.o ABSOLUTE
    ../clib/microlib/longlong.c              0x00000000   Number         0  llushr.o ABSOLUTE
    ../clib/microlib/longlong.c              0x00000000   Number         0  llsshr.o ABSOLUTE
    ../clib/microlib/longlong.c              0x00000000   Number         0  llshl.o ABSOLUTE
    ../clib/microlib/malloc/malloc.c         0x00000000   Number         0  mallocr.o ABSOLUTE
    ../clib/microlib/malloc/malloc.c         0x00000000   Number         0  malloc.o ABSOLUTE
    ../clib/microlib/malloc/malloc.c         0x00000000   Number         0  malloca.o ABSOLUTE
    ../clib/microlib/malloc/malloc.c         0x00000000   Number         0  mallocra.o ABSOLUTE
    ../clib/microlib/malloc/mvars.c          0x00000000   Number         0  mvars.o ABSOLUTE
    ../clib/microlib/printf/printf.c         0x00000000   Number         0  printf8.o ABSOLUTE
    ../clib/microlib/printf/printf.c         0x00000000   Number         0  printfa.o ABSOLUTE
    ../clib/microlib/printf/printf.c         0x00000000   Number         0  printf2.o ABSOLUTE
    ../clib/microlib/printf/printf.c         0x00000000   Number         0  printf3.o ABSOLUTE
    ../clib/microlib/printf/printf.c         0x00000000   Number         0  printf4.o ABSOLUTE
    ../clib/microlib/printf/printf.c         0x00000000   Number         0  printf5.o ABSOLUTE
    ../clib/microlib/printf/printf.c         0x00000000   Number         0  printf6.o ABSOLUTE
    ../clib/microlib/printf/printf.c         0x00000000   Number         0  printf7.o ABSOLUTE
    ../clib/microlib/printf/printf.c         0x00000000   Number         0  printfb.o ABSOLUTE
    ../clib/microlib/printf/printf.c         0x00000000   Number         0  printf0.o ABSOLUTE
    ../clib/microlib/printf/printf.c         0x00000000   Number         0  printf1.o ABSOLUTE
    ../clib/microlib/printf/stubs.s          0x00000000   Number         0  stubs.o ABSOLUTE
    ../clib/microlib/stdio/fputs.c           0x00000000   Number         0  fputs.o ABSOLUTE
    ../clib/microlib/stdio/fputs.c           0x00000000   Number         0  fputs_e.o ABSOLUTE
    ../clib/microlib/stdio/streams.c         0x00000000   Number         0  stdout.o ABSOLUTE
    ../clib/microlib/stdio/streams.c         0x00000000   Number         0  stderr.o ABSOLUTE
    ../clib/microlib/stdlib/rand.c           0x00000000   Number         0  rand.o ABSOLUTE
    ../clib/microlib/string/memcpy.c         0x00000000   Number         0  memcpya.o ABSOLUTE
    ../clib/microlib/string/memcpy.c         0x00000000   Number         0  memcpyb.o ABSOLUTE
    ../clib/microlib/string/memset.c         0x00000000   Number         0  memseta.o ABSOLUTE
    ../clib/microlib/string/strlen.c         0x00000000   Number         0  strlen.o ABSOLUTE
    ../clib/microlib/stubs.s                 0x00000000   Number         0  iusefp.o ABSOLUTE
    ../fplib/microlib/fpadd.c                0x00000000   Number         0  dadd.o ABSOLUTE
    ../fplib/microlib/fpdiv.c                0x00000000   Number         0  ddiv.o ABSOLUTE
    ../fplib/microlib/fpepilogue.c           0x00000000   Number         0  depilogue.o ABSOLUTE
    ../fplib/microlib/fpfix.c                0x00000000   Number         0  dfixul.o ABSOLUTE
    ../fplib/microlib/fpfix.c                0x00000000   Number         0  dfixui.o ABSOLUTE
    ../fplib/microlib/fpflt.c                0x00000000   Number         0  dfltui.o ABSOLUTE
    ../fplib/microlib/fpmul.c                0x00000000   Number         0  dmul.o ABSOLUTE
    C:\Users\godgo\AppData\Local\Arm\Packs\Keil\ARM_Compiler\1.6.3\Source\retarget_io.c 0x00000000   Number         0  retarget_io.o ABSOLUTE
    RTE\Device\STM32F303VC\startup_stm32f303xc.s 0x00000000   Number         0  startup_stm32f303xc.o ABSOLUTE
    RTE\Device\STM32F303VC\system_stm32f3xx.c 0x00000000   Number         0  system_stm32f3xx.o ABSOLUTE
    RTE\\Device\\STM32F303VC\\system_stm32f3xx.c 0x00000000   Number         0  system_stm32f3xx.o ABSOLUTE
    STM32F3xx_LL_Driver\Src\stm32f3xx_ll_exti.c 0x00000000   Number         0  stm32f3xx_ll_exti.o ABSOLUTE
    STM32F3xx_LL_Driver\Src\stm32f3xx_ll_gpio.c 0x00000000   Number         0  stm32f3xx_ll_gpio.o ABSOLUTE
    STM32F3xx_LL_Driver\Src\stm32f3xx_ll_rcc.c 0x00000000   Number         0  stm32f3xx_ll_rcc.o ABSOLUTE
    STM32F3xx_LL_Driver\Src\stm32f3xx_ll_tim.c 0x00000000   Number         0  stm32f3xx_ll_tim.o ABSOLUTE
    STM32F3xx_LL_Driver\Src\stm32f3xx_ll_usart.c 0x00000000   Number         0  stm32f3xx_ll_usart.o ABSOLUTE
    STM32F3xx_LL_Driver\Src\stm32f3xx_ll_utils.c 0x00000000   Number         0  stm32f3xx_ll_utils.o ABSOLUTE
    STM32F3xx_LL_Driver\\Src\\stm32f3xx_ll_exti.c 0x00000000   Number         0  stm32f3xx_ll_exti.o ABSOLUTE
    STM32F3xx_LL_Driver\\Src\\stm32f3xx_ll_gpio.c 0x00000000   Number         0  stm32f3xx_ll_gpio.o ABSOLUTE
    STM32F3xx_LL_Driver\\Src\\stm32f3xx_ll_rcc.c 0x00000000   Number         0  stm32f3xx_ll_rcc.o ABSOLUTE
    STM32F3xx_LL_Driver\\Src\\stm32f3xx_ll_tim.c 0x00000000   Number         0  stm32f3xx_ll_tim.o ABSOLUTE
    STM32F3xx_LL_Driver\\Src\\stm32f3xx_ll_usart.c 0x00000000   Number         0  stm32f3xx_ll_usart.o ABSOLUTE
    STM32F3xx_LL_Driver\\Src\\stm32f3xx_ll_utils.c 0x00000000   Number         0  stm32f3xx_ll_utils.o ABSOLUTE
    User\AppleGenerator.c                    0x00000000   Number         0  applegenerator.o ABSOLUTE
    User\AsciiLib.c                          0x00000000   Number         0  asciilib.o ABSOLUTE
    User\Button.c                            0x00000000   Number         0  button.o ABSOLUTE
    User\Draw.c                              0x00000000   Number         0  draw.o ABSOLUTE
    User\ExampleState.c                      0x00000000   Number         0  examplestate.o ABSOLUTE
    User\GameOverState.c                     0x00000000   Number         0  gameoverstate.o ABSOLUTE
    User\Images.c                            0x00000000   Number         0  images.o ABSOLUTE
    User\MenuState.c                         0x00000000   Number         0  menustate.o ABSOLUTE
    User\SnakeMovementState.c                0x00000000   Number         0  snakemovementstate.o ABSOLUTE
    User\SnakePart.c                         0x00000000   Number         0  snakepart.o ABSOLUTE
    User\SoundManager.c                      0x00000000   Number         0  soundmanager.o ABSOLUTE
    User\StateSystem.c                       0x00000000   Number         0  statesystem.o ABSOLUTE
    User\States.c                            0x00000000   Number         0  states.o ABSOLUTE
    User\WallGenerator.c                     0x00000000   Number         0  wallgenerator.o ABSOLUTE
    User\WallPatterns.c                      0x00000000   Number         0  wallpatterns.o ABSOLUTE
    User\\AppleGenerator.c                   0x00000000   Number         0  applegenerator.o ABSOLUTE
    User\\Draw.c                             0x00000000   Number         0  draw.o ABSOLUTE
    User\\GameOverState.c                    0x00000000   Number         0  gameoverstate.o ABSOLUTE
    User\\MenuState.c                        0x00000000   Number         0  menustate.o ABSOLUTE
    User\\SnakeMovementState.c               0x00000000   Number         0  snakemovementstate.o ABSOLUTE
    User\\SnakePart.c                        0x00000000   Number         0  snakepart.o ABSOLUTE
    User\\SoundManager.c                     0x00000000   Number         0  soundmanager.o ABSOLUTE
    User\\StateSystem.c                      0x00000000   Number         0  statesystem.o ABSOLUTE
    User\\WallGenerator.c                    0x00000000   Number         0  wallgenerator.o ABSOLUTE
    User\\display.c                          0x00000000   Number         0  display.o ABSOLUTE
    User\\keypad.c                           0x00000000   Number         0  keypad.o ABSOLUTE
    User\\lcd_ILI9325.c                      0x00000000   Number         0  lcd_ili9325.o ABSOLUTE
    User\\main.c                             0x00000000   Number         0  main.o ABSOLUTE
    User\\stm32f3xx_it.c                     0x00000000   Number         0  stm32f3xx_it.o ABSOLUTE
    User\\systickms.c                        0x00000000   Number         0  systickms.o ABSOLUTE
    User\\uart.c                             0x00000000   Number         0  uart.o ABSOLUTE
    User\display.c                           0x00000000   Number         0  display.o ABSOLUTE
    User\keypad.c                            0x00000000   Number         0  keypad.o ABSOLUTE
    User\lcd_ILI9325.c                       0x00000000   Number         0  lcd_ili9325.o ABSOLUTE
    User\main.c                              0x00000000   Number         0  main.o ABSOLUTE
    User\stm32f3xx_it.c                      0x00000000   Number         0  stm32f3xx_it.o ABSOLUTE
    User\systickms.c                         0x00000000   Number         0  systickms.o ABSOLUTE
    User\uart.c                              0x00000000   Number         0  uart.o ABSOLUTE
    cdrcmple.s                               0x00000000   Number         0  cdrcmple.o ABSOLUTE
    dc.s                                     0x00000000   Number         0  dc.o ABSOLUTE
    handlers.s                               0x00000000   Number         0  handlers.o ABSOLUTE
    init.s                                   0x00000000   Number         0  init.o ABSOLUTE
    RESET                                    0x08000000   Section      392  startup_stm32f303xc.o(RESET)
    .ARM.Collect$$$$00000000                 0x08000188   Section        0  entry.o(.ARM.Collect$$$$00000000)
    .ARM.Collect$$$$00000001                 0x08000188   Section        4  entry2.o(.ARM.Collect$$$$00000001)
    .ARM.Collect$$$$00000004                 0x0800018c   Section        4  entry5.o(.ARM.Collect$$$$00000004)
    .ARM.Collect$$$$00000008                 0x08000190   Section        0  entry7b.o(.ARM.Collect$$$$00000008)
    .ARM.Collect$$$$0000000A                 0x08000190   Section        0  entry8b.o(.ARM.Collect$$$$0000000A)
    .ARM.Collect$$$$0000000B                 0x08000190   Section        8  entry9a.o(.ARM.Collect$$$$0000000B)
    .ARM.Collect$$$$0000000E                 0x08000198   Section        4  entry12b.o(.ARM.Collect$$$$0000000E)
    .ARM.Collect$$$$0000000F                 0x0800019c   Section        0  entry10a.o(.ARM.Collect$$$$0000000F)
    .ARM.Collect$$$$00000011                 0x0800019c   Section        0  entry11a.o(.ARM.Collect$$$$00000011)
    .ARM.Collect$$$$00002712                 0x0800019c   Section        4  entry2.o(.ARM.Collect$$$$00002712)
    __lit__00000000                          0x0800019c   Data           4  entry2.o(.ARM.Collect$$$$00002712)
    .text                                    0x080001a0   Section       36  startup_stm32f303xc.o(.text)
    $v0                                      0x080001a0   Number         0  startup_stm32f303xc.o(.text)
    .text                                    0x080001c4   Section        0  rand.o(.text)
    .text                                    0x080001e8   Section        0  memcpya.o(.text)
    .text                                    0x0800020c   Section        0  memseta.o(.text)
    .text                                    0x08000230   Section        0  strlen.o(.text)
    .text                                    0x0800023e   Section        0  dmul.o(.text)
    .text                                    0x08000322   Section        0  ddiv.o(.text)
    .text                                    0x08000400   Section        0  dfltui.o(.text)
    .text                                    0x0800041a   Section        0  dfixui.o(.text)
    .text                                    0x0800044c   Section        0  uidiv.o(.text)
    .text                                    0x08000478   Section        0  llushr.o(.text)
    .text                                    0x08000498   Section        0  iusefp.o(.text)
    .text                                    0x08000498   Section        0  depilogue.o(.text)
    .text                                    0x08000554   Section       36  init.o(.text)
    .text                                    0x08000578   Section        0  llshl.o(.text)
    .text                                    0x08000596   Section        0  __dczerorl2.o(.text)
    i.BusFault_Handler                       0x080005ec   Section        0  stm32f3xx_it.o(i.BusFault_Handler)
    i.CreateButton                           0x080005f0   Section        0  button.o(i.CreateButton)
    i.CreateState                            0x08000620   Section        0  states.o(i.CreateState)
    i.DebugMon_Handler                       0x08000644   Section        0  stm32f3xx_it.o(i.DebugMon_Handler)
    i.EXTI0_IRQHandler                       0x08000646   Section        0  stm32f3xx_it.o(i.EXTI0_IRQHandler)
    i.GetASCIICode                           0x08000648   Section        0  asciilib.o(i.GetASCIICode)
    i.HardFault_Handler                      0x08000668   Section        0  stm32f3xx_it.o(i.HardFault_Handler)
    i.ITM_SendChar                           0x0800066c   Section        0  retarget_io.o(i.ITM_SendChar)
    i.Init_display                           0x0800069c   Section        0  display.o(i.Init_display)
    i.Init_keypad                            0x08000764   Section        0  keypad.o(i.Init_keypad)
    i.Init_systickms                         0x080007e4   Section        0  systickms.o(i.Init_systickms)
    i.LL_AHB1_GRP1_EnableClock               0x08000860   Section        0  lcd_ili9325.o(i.LL_AHB1_GRP1_EnableClock)
    LL_AHB1_GRP1_EnableClock                 0x08000861   Thumb Code    24  lcd_ili9325.o(i.LL_AHB1_GRP1_EnableClock)
    i.LL_GPIO_Init                           0x0800087c   Section        0  stm32f3xx_ll_gpio.o(i.LL_GPIO_Init)
    i.LL_GPIO_SetOutputPin                   0x080009c0   Section        0  lcd_ili9325.o(i.LL_GPIO_SetOutputPin)
    LL_GPIO_SetOutputPin                     0x080009c1   Thumb Code     4  lcd_ili9325.o(i.LL_GPIO_SetOutputPin)
    i.LL_Init1msTick                         0x080009c4   Section        0  stm32f3xx_ll_utils.o(i.LL_Init1msTick)
    i.LL_SetSystemCoreClock                  0x080009e0   Section        0  stm32f3xx_ll_utils.o(i.LL_SetSystemCoreClock)
    i.MemManage_Handler                      0x080009ec   Section        0  stm32f3xx_it.o(i.MemManage_Handler)
    i.NMI_Handler                            0x080009f0   Section        0  stm32f3xx_it.o(i.NMI_Handler)
    i.PendSV_Handler                         0x080009f2   Section        0  stm32f3xx_it.o(i.PendSV_Handler)
    i.SVC_Handler                            0x080009f4   Section        0  stm32f3xx_it.o(i.SVC_Handler)
    i.SysTick_Handler                        0x080009f8   Section        0  stm32f3xx_it.o(i.SysTick_Handler)
    i.SystemClock_Config                     0x08000a08   Section        0  main.o(i.SystemClock_Config)
    i.SystemCoreClockUpdate                  0x08000af4   Section        0  system_stm32f3xx.o(i.SystemCoreClockUpdate)
    i.SystemInit                             0x08000b94   Section        0  system_stm32f3xx.o(i.SystemInit)
    i.TIM2_IRQHandler                        0x08000c10   Section        0  stm32f3xx_it.o(i.TIM2_IRQHandler)
    i.USART2_IRQHandler                      0x08000c12   Section        0  stm32f3xx_it.o(i.USART2_IRQHandler)
    i.UsageFault_Handler                     0x08000c14   Section        0  stm32f3xx_it.o(i.UsageFault_Handler)
    i.__0printf$1                            0x08000c18   Section        0  printf1.o(i.__0printf$1)
    i.__0sprintf$1                           0x08000c38   Section        0  printf1.o(i.__0sprintf$1)
    i.__scatterload_copy                     0x08000c60   Section       14  handlers.o(i.__scatterload_copy)
    i.__scatterload_null                     0x08000c6e   Section        2  handlers.o(i.__scatterload_null)
    i.__scatterload_zeroinit                 0x08000c70   Section       14  handlers.o(i.__scatterload_zeroinit)
    i._printf_core                           0x08000c80   Section        0  printf1.o(i._printf_core)
    _printf_core                             0x08000c81   Thumb Code   336  printf1.o(i._printf_core)
    i._sputc                                 0x08000dd4   Section        0  printf1.o(i._sputc)
    _sputc                                   0x08000dd5   Thumb Code    10  printf1.o(i._sputc)
    i.apple_create                           0x08000de0   Section        0  applegenerator.o(i.apple_create)
    i.apple_in_snake                         0x08000e60   Section        0  applegenerator.o(i.apple_in_snake)
    i.apple_is_eaten                         0x08000e8c   Section        0  applegenerator.o(i.apple_is_eaten)
    i.board_lcd_reset                        0x08000eb8   Section        0  lcd_ili9325.o(i.board_lcd_reset)
    board_lcd_reset                          0x08000eb9   Thumb Code    32  lcd_ili9325.o(i.board_lcd_reset)
    i.board_lcd_write_words                  0x08000ee0   Section        0  lcd_ili9325.o(i.board_lcd_write_words)
    board_lcd_write_words                    0x08000ee1   Thumb Code   102  lcd_ili9325.o(i.board_lcd_write_words)
    i.bus_lcd_read_reg                       0x08000f50   Section        0  lcd_ili9325.o(i.bus_lcd_read_reg)
    bus_lcd_read_reg                         0x08000f51   Thumb Code   112  lcd_ili9325.o(i.bus_lcd_read_reg)
    i.bus_lcd_write_reg                      0x08000fc8   Section        0  lcd_ili9325.o(i.bus_lcd_write_reg)
    bus_lcd_write_reg                        0x08000fc9   Thumb Code    86  lcd_ili9325.o(i.bus_lcd_write_reg)
    i.change_state                           0x08001028   Section        0  statesystem.o(i.change_state)
    i.cnt1ms                                 0x0800107c   Section        0  systickms.o(i.cnt1ms)
    cnt1ms                                   0x0800107d   Thumb Code    56  systickms.o(i.cnt1ms)
    i.color                                  0x080010c0   Section        0  draw.o(i.color)
    i.delayms                                0x08001100   Section        0  systickms.o(i.delayms)
    delayms                                  0x08001101   Thumb Code    46  systickms.o(i.delayms)
    i.draw_button                            0x08001134   Section        0  draw.o(i.draw_button)
    i.draw_image                             0x080011a8   Section        0  draw.o(i.draw_image)
    i.draw_message                           0x08001214   Section        0  draw.o(i.draw_message)
    i.example_state_changer                  0x08001248   Section        0  examplestate.o(i.example_state_changer)
    i.example_state_input                    0x08001254   Section        0  examplestate.o(i.example_state_input)
    i.example_state_start                    0x08001256   Section        0  examplestate.o(i.example_state_start)
    i.example_state_update                   0x08001258   Section        0  examplestate.o(i.example_state_update)
    i.fill_screen                            0x0800125a   Section        0  draw.o(i.fill_screen)
    i.fputc                                  0x08001284   Section        0  retarget_io.o(i.fputc)
    i.free                                   0x080012a4   Section        0  malloc.o(i.free)
    i.g_over_state                           0x080012f4   Section        0  gameoverstate.o(i.g_over_state)
    i.g_over_state_changer                   0x080012f8   Section        0  gameoverstate.o(i.g_over_state_changer)
    i.g_over_state_input                     0x08001304   Section        0  gameoverstate.o(i.g_over_state_input)
    i.g_over_state_start                     0x08001318   Section        0  gameoverstate.o(i.g_over_state_start)
    i.gpio_lcd_init                          0x08001390   Section        0  lcd_ili9325.o(i.gpio_lcd_init)
    i.img_color                              0x08001448   Section        0  draw.o(i.img_color)
    i.init_lcd_ili9325                       0x0800152c   Section        0  lcd_ili9325.o(i.init_lcd_ili9325)
    i.keypad_poll                            0x08001768   Section        0  keypad.o(i.keypad_poll)
    i.lcd_bus_test                           0x0800188c   Section        0  lcd_ili9325.o(i.lcd_bus_test)
    lcd_bus_test                             0x0800188d   Thumb Code    56  lcd_ili9325.o(i.lcd_bus_test)
    i.lcd_fill_color                         0x080018c4   Section        0  lcd_ili9325.o(i.lcd_fill_color)
    i.lcd_set_pixel                          0x080019ac   Section        0  lcd_ili9325.o(i.lcd_set_pixel)
    i.main                                   0x080019f0   Section        0  main.o(i.main)
    i.malloc                                 0x08001a58   Section        0  malloc.o(i.malloc)
    i.menu_button_left_level                 0x08001ac4   Section        0  menustate.o(i.menu_button_left_level)
    i.menu_button_level                      0x08001ad4   Section        0  menustate.o(i.menu_button_level)
    i.menu_button_right_level                0x08001ad6   Section        0  menustate.o(i.menu_button_right_level)
    i.menu_button_start_play                 0x08001ae4   Section        0  menustate.o(i.menu_button_start_play)
    i.menu_draw_buttons                      0x08001af4   Section        0  menustate.o(i.menu_draw_buttons)
    i.menu_init_buttons                      0x08001b58   Section        0  menustate.o(i.menu_init_buttons)
    i.menu_level_step                        0x08001c3c   Section        0  menustate.o(i.menu_level_step)
    i.menu_select_button_by_step             0x08001cd8   Section        0  menustate.o(i.menu_select_button_by_step)
    i.menu_state                             0x08001d5c   Section        0  menustate.o(i.menu_state)
    i.menu_state_changer                     0x08001dcc   Section        0  menustate.o(i.menu_state_changer)
    i.menu_state_input                       0x08001dd8   Section        0  menustate.o(i.menu_state_input)
    i.menu_state_start                       0x08001e40   Section        0  menustate.o(i.menu_state_start)
    i.my_delay                               0x08001f34   Section        0  soundmanager.o(i.my_delay)
    i.prein_ascii                            0x08001f48   Section        0  lcd_ili9325.o(i.prein_ascii)
    i.random_number                          0x08001fc6   Section        0  applegenerator.o(i.random_number)
    i.readcounter                            0x08001fdc   Section        0  systickms.o(i.readcounter)
    readcounter                              0x08001fdd   Thumb Code     6  systickms.o(i.readcounter)
    i.readflag25ms                           0x08001fe8   Section        0  systickms.o(i.readflag25ms)
    readflag25ms                             0x08001fe9   Thumb Code    20  systickms.o(i.readflag25ms)
    i.readflag50ms                           0x08002000   Section        0  systickms.o(i.readflag50ms)
    readflag50ms                             0x08002001   Thumb Code    20  systickms.o(i.readflag50ms)
    i.set_direction                          0x08002018   Section        0  snakemovementstate.o(i.set_direction)
    i.snake_clear_previous                   0x08002040   Section        0  snakepart.o(i.snake_clear_previous)
    i.snake_count                            0x08002072   Section        0  snakepart.o(i.snake_count)
    i.snake_create                           0x08002084   Section        0  snakepart.o(i.snake_create)
    i.snake_draw                             0x080020d6   Section        0  snakepart.o(i.snake_draw)
    i.snake_free_mem                         0x080020f2   Section        0  snakepart.o(i.snake_free_mem)
    i.snake_grow                             0x0800210c   Section        0  snakepart.o(i.snake_grow)
    i.snake_has_collision                    0x08002144   Section        0  snakepart.o(i.snake_has_collision)
    i.snake_movement_state                   0x0800216c   Section        0  snakemovementstate.o(i.snake_movement_state)
    i.snake_movement_state_changer           0x08002268   Section        0  snakemovementstate.o(i.snake_movement_state_changer)
    i.snake_movement_state_input             0x08002274   Section        0  snakemovementstate.o(i.snake_movement_state_input)
    i.snake_movement_state_start             0x080022d0   Section        0  snakemovementstate.o(i.snake_movement_state_start)
    i.snake_positions                        0x08002350   Section        0  snakepart.o(i.snake_positions)
    i.snake_score_changed                    0x0800238c   Section        0  snakemovementstate.o(i.snake_score_changed)
    i.snake_update                           0x080023ec   Section        0  snakepart.o(i.snake_update)
    i.sound_correct_key                      0x08002464   Section        0  soundmanager.o(i.sound_correct_key)
    i.speaker_init                           0x080024ac   Section        0  soundmanager.o(i.speaker_init)
    i.speaker_squeak_hz                      0x080024d0   Section        0  soundmanager.o(i.speaker_squeak_hz)
    i.state_system_init                      0x08002588   Section        0  statesystem.o(i.state_system_init)
    i.state_system_input                     0x0800264c   Section        0  statesystem.o(i.state_system_input)
    i.state_system_update                    0x0800268c   Section        0  statesystem.o(i.state_system_update)
    i.stdout_putchar                         0x080026c8   Section        0  retarget_io.o(i.stdout_putchar)
    stdout_putchar                           0x080026c9   Thumb Code    12  retarget_io.o(i.stdout_putchar)
    i.wall_generate_map                      0x080026d4   Section        0  wallgenerator.o(i.wall_generate_map)
    i.wall_has_collision                     0x08002730   Section        0  wallgenerator.o(i.wall_has_collision)
    i.wall_initialize                        0x0800274c   Section        0  wallgenerator.o(i.wall_initialize)
    i.wall_select_map                        0x0800278c   Section        0  wallgenerator.o(i.wall_select_map)
    .constdata                               0x08002798   Section     1520  asciilib.o(.constdata)
    AsciiLib                                 0x08002798   Data        1520  asciilib.o(.constdata)
    .constdata                               0x08002d88   Section       24  system_stm32f3xx.o(.constdata)
    .conststring                             0x08002da0   Section       21  menustate.o(.conststring)
    .data                                    0x20000000   Section        6  systickms.o(.data)
    counter1ms                               0x20000000   Data           4  systickms.o(.data)
    flag25ms                                 0x20000004   Data           1  systickms.o(.data)
    flag50ms                                 0x20000005   Data           1  systickms.o(.data)
    .data                                    0x20000008   Section        4  keypad.o(.data)
    kpd_pollcnt                              0x20000008   Data           4  keypad.o(.data)
    .data                                    0x2000000c   Section        3  display.o(.data)
    lenbufPrstr                              0x2000000c   Data           2  display.o(.data)
    slowstr                                  0x2000000e   Data           1  display.o(.data)
    .data                                    0x2000000f   Section      800  images.o(.data)
    .data                                    0x20000330   Section       12  statesystem.o(.data)
    .data                                    0x2000033c   Section       20  snakemovementstate.o(.data)
    .data                                    0x20000350   Section       80  menustate.o(.data)
    .data                                    0x200003a0   Section        8  applegenerator.o(.data)
    .data                                    0x200003a8   Section        4  gameoverstate.o(.data)
    .data                                    0x200003ac   Section     2316  wallgenerator.o(.data)
    .data                                    0x20000cb8   Section        4  examplestate.o(.data)
    .data                                    0x20000cbc   Section        4  system_stm32f3xx.o(.data)
    .data                                    0x20000cc0   Section        4  stdout.o(.data)
    .data                                    0x20000cc4   Section        4  rand.o(.data)
    _rand_state                              0x20000cc4   Data           4  rand.o(.data)
    .data                                    0x20000cc8   Section        4  mvars.o(.data)
    .data                                    0x20000ccc   Section        4  mvars.o(.data)
    .bss                                     0x20000cd0   Section       20  systickms.o(.bss)
    .bss                                     0x20000ce4   Section      128  keypad.o(.bss)
    masKey                                   0x20000ce4   Data         128  keypad.o(.bss)
    .bss                                     0x20000d64   Section      606  display.o(.bss)
    t_key                                    0x20000d64   Data         256  display.o(.bss)
    bufPrintstr                              0x20000e64   Data         350  display.o(.bss)
    .bss                                     0x20000fc2   Section      100  images.o(.bss)
    HEAP                                     0x20001028   Section    16384  startup_stm32f303xc.o(HEAP)
    STACK                                    0x20005028   Section     1024  startup_stm32f303xc.o(STACK)

    Global Symbols

    Symbol Name                              Value     Ov Type        Size  Object(Section)

    BuildAttributes$$THM_ISAv4$E$P$D$K$B$S$7EM$VFPi3$EXTD16$VFPS$VFMA$PE$A:L22UL41UL21$X:L11$S22US41US21$IEEE1$IW$USESV6$~STKCKD$USESV7$~SHL$OSPACE$ROPI$EBA8$MICROLIB$REQ8$PRES8$EABIv2 0x00000000   Number         0  anon$$obj.o ABSOLUTE
    __ARM_use_no_argv                        0x00000000   Number         0  main.o ABSOLUTE
    _printf_a                                0x00000000   Number         0  stubs.o ABSOLUTE
    _printf_c                                0x00000000   Number         0  stubs.o ABSOLUTE
    _printf_charcount                        0x00000000   Number         0  stubs.o ABSOLUTE
    _printf_d                                0x00000000   Number         0  stubs.o ABSOLUTE
    _printf_e                                0x00000000   Number         0  stubs.o ABSOLUTE
    _printf_f                                0x00000000   Number         0  stubs.o ABSOLUTE
    _printf_flags                            0x00000000   Number         0  stubs.o ABSOLUTE
    _printf_fp_dec                           0x00000000   Number         0  stubs.o ABSOLUTE
    _printf_fp_hex                           0x00000000   Number         0  stubs.o ABSOLUTE
    _printf_g                                0x00000000   Number         0  stubs.o ABSOLUTE
    _printf_i                                0x00000000   Number         0  stubs.o ABSOLUTE
    _printf_int_dec                          0x00000000   Number         0  stubs.o ABSOLUTE
    _printf_l                                0x00000000   Number         0  stubs.o ABSOLUTE
    _printf_lc                               0x00000000   Number         0  stubs.o ABSOLUTE
    _printf_ll                               0x00000000   Number         0  stubs.o ABSOLUTE
    _printf_lld                              0x00000000   Number         0  stubs.o ABSOLUTE
    _printf_lli                              0x00000000   Number         0  stubs.o ABSOLUTE
    _printf_llo                              0x00000000   Number         0  stubs.o ABSOLUTE
    _printf_llu                              0x00000000   Number         0  stubs.o ABSOLUTE
    _printf_llx                              0x00000000   Number         0  stubs.o ABSOLUTE
    _printf_longlong_dec                     0x00000000   Number         0  stubs.o ABSOLUTE
    _printf_longlong_hex                     0x00000000   Number         0  stubs.o ABSOLUTE
    _printf_longlong_oct                     0x00000000   Number         0  stubs.o ABSOLUTE
    _printf_ls                               0x00000000   Number         0  stubs.o ABSOLUTE
    _printf_mbtowc                           0x00000000   Number         0  stubs.o ABSOLUTE
    _printf_n                                0x00000000   Number         0  stubs.o ABSOLUTE
    _printf_o                                0x00000000   Number         0  stubs.o ABSOLUTE
    _printf_p                                0x00000000   Number         0  stubs.o ABSOLUTE
    _printf_percent                          0x00000000   Number         0  stubs.o ABSOLUTE
    _printf_pre_padding                      0x00000000   Number         0  stubs.o ABSOLUTE
    _printf_return_value                     0x00000000   Number         0  stubs.o ABSOLUTE
    _printf_s                                0x00000000   Number         0  stubs.o ABSOLUTE
    _printf_sizespec                         0x00000000   Number         0  stubs.o ABSOLUTE
    _printf_str                              0x00000000   Number         0  stubs.o ABSOLUTE
    _printf_truncate_signed                  0x00000000   Number         0  stubs.o ABSOLUTE
    _printf_truncate_unsigned                0x00000000   Number         0  stubs.o ABSOLUTE
    _printf_u                                0x00000000   Number         0  stubs.o ABSOLUTE
    _printf_wc                               0x00000000   Number         0  stubs.o ABSOLUTE
    _printf_wctomb                           0x00000000   Number         0  stubs.o ABSOLUTE
    _printf_widthprec                        0x00000000   Number         0  stubs.o ABSOLUTE
    _printf_x                                0x00000000   Number         0  stubs.o ABSOLUTE
    __arm_fini_                               - Undefined Weak Reference
    __cpp_initialize__aeabi_                  - Undefined Weak Reference
    __cxa_finalize                            - Undefined Weak Reference
    _clock_init                               - Undefined Weak Reference
    _microlib_exit                            - Undefined Weak Reference
    __Vectors_Size                           0x00000188   Number         0  startup_stm32f303xc.o ABSOLUTE
    __Vectors                                0x08000000   Data           4  startup_stm32f303xc.o(RESET)
    __Vectors_End                            0x08000188   Data           0  startup_stm32f303xc.o(RESET)
    __main                                   0x08000189   Thumb Code     0  entry.o(.ARM.Collect$$$$00000000)
    _main_stk                                0x08000189   Thumb Code     0  entry2.o(.ARM.Collect$$$$00000001)
    _main_scatterload                        0x0800018d   Thumb Code     0  entry5.o(.ARM.Collect$$$$00000004)
    __main_after_scatterload                 0x08000191   Thumb Code     0  entry5.o(.ARM.Collect$$$$00000004)
    _main_clock                              0x08000191   Thumb Code     0  entry7b.o(.ARM.Collect$$$$00000008)
    _main_cpp_init                           0x08000191   Thumb Code     0  entry8b.o(.ARM.Collect$$$$0000000A)
    _main_init                               0x08000191   Thumb Code     0  entry9a.o(.ARM.Collect$$$$0000000B)
    __rt_lib_shutdown_fini                   0x08000199   Thumb Code     0  entry12b.o(.ARM.Collect$$$$0000000E)
    __rt_final_cpp                           0x0800019d   Thumb Code     0  entry10a.o(.ARM.Collect$$$$0000000F)
    __rt_final_exit                          0x0800019d   Thumb Code     0  entry11a.o(.ARM.Collect$$$$00000011)
    Reset_Handler                            0x080001a1   Thumb Code     8  startup_stm32f303xc.o(.text)
    ADC1_2_IRQHandler                        0x080001bb   Thumb Code     0  startup_stm32f303xc.o(.text)
    ADC3_IRQHandler                          0x080001bb   Thumb Code     0  startup_stm32f303xc.o(.text)
    ADC4_IRQHandler                          0x080001bb   Thumb Code     0  startup_stm32f303xc.o(.text)
    CAN_RX1_IRQHandler                       0x080001bb   Thumb Code     0  startup_stm32f303xc.o(.text)
    CAN_SCE_IRQHandler                       0x080001bb   Thumb Code     0  startup_stm32f303xc.o(.text)
    COMP1_2_3_IRQHandler                     0x080001bb   Thumb Code     0  startup_stm32f303xc.o(.text)
    COMP4_5_6_IRQHandler                     0x080001bb   Thumb Code     0  startup_stm32f303xc.o(.text)
    COMP7_IRQHandler                         0x080001bb   Thumb Code     0  startup_stm32f303xc.o(.text)
    DMA1_Channel1_IRQHandler                 0x080001bb   Thumb Code     0  startup_stm32f303xc.o(.text)
    DMA1_Channel2_IRQHandler                 0x080001bb   Thumb Code     0  startup_stm32f303xc.o(.text)
    DMA1_Channel3_IRQHandler                 0x080001bb   Thumb Code     0  startup_stm32f303xc.o(.text)
    DMA1_Channel4_IRQHandler                 0x080001bb   Thumb Code     0  startup_stm32f303xc.o(.text)
    DMA1_Channel5_IRQHandler                 0x080001bb   Thumb Code     0  startup_stm32f303xc.o(.text)
    DMA1_Channel6_IRQHandler                 0x080001bb   Thumb Code     0  startup_stm32f303xc.o(.text)
    DMA1_Channel7_IRQHandler                 0x080001bb   Thumb Code     0  startup_stm32f303xc.o(.text)
    DMA2_Channel1_IRQHandler                 0x080001bb   Thumb Code     0  startup_stm32f303xc.o(.text)
    DMA2_Channel2_IRQHandler                 0x080001bb   Thumb Code     0  startup_stm32f303xc.o(.text)
    DMA2_Channel3_IRQHandler                 0x080001bb   Thumb Code     0  startup_stm32f303xc.o(.text)
    DMA2_Channel4_IRQHandler                 0x080001bb   Thumb Code     0  startup_stm32f303xc.o(.text)
    DMA2_Channel5_IRQHandler                 0x080001bb   Thumb Code     0  startup_stm32f303xc.o(.text)
    EXTI15_10_IRQHandler                     0x080001bb   Thumb Code     0  startup_stm32f303xc.o(.text)
    EXTI1_IRQHandler                         0x080001bb   Thumb Code     0  startup_stm32f303xc.o(.text)
    EXTI2_TSC_IRQHandler                     0x080001bb   Thumb Code     0  startup_stm32f303xc.o(.text)
    EXTI3_IRQHandler                         0x080001bb   Thumb Code     0  startup_stm32f303xc.o(.text)
    EXTI4_IRQHandler                         0x080001bb   Thumb Code     0  startup_stm32f303xc.o(.text)
    EXTI9_5_IRQHandler                       0x080001bb   Thumb Code     0  startup_stm32f303xc.o(.text)
    FLASH_IRQHandler                         0x080001bb   Thumb Code     0  startup_stm32f303xc.o(.text)
    FPU_IRQHandler                           0x080001bb   Thumb Code     0  startup_stm32f303xc.o(.text)
    I2C1_ER_IRQHandler                       0x080001bb   Thumb Code     0  startup_stm32f303xc.o(.text)
    I2C1_EV_IRQHandler                       0x080001bb   Thumb Code     0  startup_stm32f303xc.o(.text)
    I2C2_ER_IRQHandler                       0x080001bb   Thumb Code     0  startup_stm32f303xc.o(.text)
    I2C2_EV_IRQHandler                       0x080001bb   Thumb Code     0  startup_stm32f303xc.o(.text)
    PVD_IRQHandler                           0x080001bb   Thumb Code     0  startup_stm32f303xc.o(.text)
    RCC_IRQHandler                           0x080001bb   Thumb Code     0  startup_stm32f303xc.o(.text)
    RTC_Alarm_IRQHandler                     0x080001bb   Thumb Code     0  startup_stm32f303xc.o(.text)
    RTC_WKUP_IRQHandler                      0x080001bb   Thumb Code     0  startup_stm32f303xc.o(.text)
    SPI1_IRQHandler                          0x080001bb   Thumb Code     0  startup_stm32f303xc.o(.text)
    SPI2_IRQHandler                          0x080001bb   Thumb Code     0  startup_stm32f303xc.o(.text)
    SPI3_IRQHandler                          0x080001bb   Thumb Code     0  startup_stm32f303xc.o(.text)
    TAMP_STAMP_IRQHandler                    0x080001bb   Thumb Code     0  startup_stm32f303xc.o(.text)
    TIM1_BRK_TIM15_IRQHandler                0x080001bb   Thumb Code     0  startup_stm32f303xc.o(.text)
    TIM1_CC_IRQHandler                       0x080001bb   Thumb Code     0  startup_stm32f303xc.o(.text)
    TIM1_TRG_COM_TIM17_IRQHandler            0x080001bb   Thumb Code     0  startup_stm32f303xc.o(.text)
    TIM1_UP_TIM16_IRQHandler                 0x080001bb   Thumb Code     0  startup_stm32f303xc.o(.text)
    TIM3_IRQHandler                          0x080001bb   Thumb Code     0  startup_stm32f303xc.o(.text)
    TIM4_IRQHandler                          0x080001bb   Thumb Code     0  startup_stm32f303xc.o(.text)
    TIM6_DAC_IRQHandler                      0x080001bb   Thumb Code     0  startup_stm32f303xc.o(.text)
    TIM7_IRQHandler                          0x080001bb   Thumb Code     0  startup_stm32f303xc.o(.text)
    TIM8_BRK_IRQHandler                      0x080001bb   Thumb Code     0  startup_stm32f303xc.o(.text)
    TIM8_CC_IRQHandler                       0x080001bb   Thumb Code     0  startup_stm32f303xc.o(.text)
    TIM8_TRG_COM_IRQHandler                  0x080001bb   Thumb Code     0  startup_stm32f303xc.o(.text)
    TIM8_UP_IRQHandler                       0x080001bb   Thumb Code     0  startup_stm32f303xc.o(.text)
    UART4_IRQHandler                         0x080001bb   Thumb Code     0  startup_stm32f303xc.o(.text)
    UART5_IRQHandler                         0x080001bb   Thumb Code     0  startup_stm32f303xc.o(.text)
    USART1_IRQHandler                        0x080001bb   Thumb Code     0  startup_stm32f303xc.o(.text)
    USART3_IRQHandler                        0x080001bb   Thumb Code     0  startup_stm32f303xc.o(.text)
    USBWakeUp_IRQHandler                     0x080001bb   Thumb Code     0  startup_stm32f303xc.o(.text)
    USBWakeUp_RMP_IRQHandler                 0x080001bb   Thumb Code     0  startup_stm32f303xc.o(.text)
    USB_HP_CAN_TX_IRQHandler                 0x080001bb   Thumb Code     0  startup_stm32f303xc.o(.text)
    USB_HP_IRQHandler                        0x080001bb   Thumb Code     0  startup_stm32f303xc.o(.text)
    USB_LP_CAN_RX0_IRQHandler                0x080001bb   Thumb Code     0  startup_stm32f303xc.o(.text)
    USB_LP_IRQHandler                        0x080001bb   Thumb Code     0  startup_stm32f303xc.o(.text)
    WWDG_IRQHandler                          0x080001bb   Thumb Code     0  startup_stm32f303xc.o(.text)
    rand                                     0x080001c5   Thumb Code    20  rand.o(.text)
    srand                                    0x080001d9   Thumb Code     6  rand.o(.text)
    __aeabi_memcpy                           0x080001e9   Thumb Code    36  memcpya.o(.text)
    __aeabi_memcpy4                          0x080001e9   Thumb Code     0  memcpya.o(.text)
    __aeabi_memcpy8                          0x080001e9   Thumb Code     0  memcpya.o(.text)
    __aeabi_memset                           0x0800020d   Thumb Code    14  memseta.o(.text)
    __aeabi_memset4                          0x0800020d   Thumb Code     0  memseta.o(.text)
    __aeabi_memset8                          0x0800020d   Thumb Code     0  memseta.o(.text)
    __aeabi_memclr                           0x0800021b   Thumb Code     4  memseta.o(.text)
    __aeabi_memclr4                          0x0800021b   Thumb Code     0  memseta.o(.text)
    __aeabi_memclr8                          0x0800021b   Thumb Code     0  memseta.o(.text)
    _memset$wrapper                          0x0800021f   Thumb Code    18  memseta.o(.text)
    strlen                                   0x08000231   Thumb Code    14  strlen.o(.text)
    __aeabi_dmul                             0x0800023f   Thumb Code   228  dmul.o(.text)
    __aeabi_ddiv                             0x08000323   Thumb Code   222  ddiv.o(.text)
    __aeabi_ui2d                             0x08000401   Thumb Code    26  dfltui.o(.text)
    __aeabi_d2uiz                            0x0800041b   Thumb Code    50  dfixui.o(.text)
    __aeabi_uidiv                            0x0800044d   Thumb Code     0  uidiv.o(.text)
    __aeabi_uidivmod                         0x0800044d   Thumb Code    44  uidiv.o(.text)
    __aeabi_llsr                             0x08000479   Thumb Code    32  llushr.o(.text)
    _ll_ushift_r                             0x08000479   Thumb Code     0  llushr.o(.text)
    __I$use$fp                               0x08000499   Thumb Code     0  iusefp.o(.text)
    _double_round                            0x08000499   Thumb Code    30  depilogue.o(.text)
    _double_epilogue                         0x080004b7   Thumb Code   156  depilogue.o(.text)
    __scatterload                            0x08000555   Thumb Code    28  init.o(.text)
    __scatterload_rt2                        0x08000555   Thumb Code     0  init.o(.text)
    __aeabi_llsl                             0x08000579   Thumb Code    30  llshl.o(.text)
    _ll_shift_l                              0x08000579   Thumb Code     0  llshl.o(.text)
    __decompress                             0x08000597   Thumb Code     0  __dczerorl2.o(.text)
    __decompress1                            0x08000597   Thumb Code    86  __dczerorl2.o(.text)
    BusFault_Handler                         0x080005ed   Thumb Code     4  stm32f3xx_it.o(i.BusFault_Handler)
    CreateButton                             0x080005f1   Thumb Code    48  button.o(i.CreateButton)
    CreateState                              0x08000621   Thumb Code    36  states.o(i.CreateState)
    DebugMon_Handler                         0x08000645   Thumb Code     2  stm32f3xx_it.o(i.DebugMon_Handler)
    EXTI0_IRQHandler                         0x08000647   Thumb Code     2  stm32f3xx_it.o(i.EXTI0_IRQHandler)
    GetASCIICode                             0x08000649   Thumb Code    26  asciilib.o(i.GetASCIICode)
    HardFault_Handler                        0x08000669   Thumb Code     4  stm32f3xx_it.o(i.HardFault_Handler)
    ITM_SendChar                             0x0800066d   Thumb Code    42  retarget_io.o(i.ITM_SendChar)
    Init_display                             0x0800069d   Thumb Code   182  display.o(i.Init_display)
    Init_keypad                              0x08000765   Thumb Code   112  keypad.o(i.Init_keypad)
    Init_systickms                           0x080007e5   Thumb Code    78  systickms.o(i.Init_systickms)
    LL_GPIO_Init                             0x0800087d   Thumb Code   324  stm32f3xx_ll_gpio.o(i.LL_GPIO_Init)
    LL_Init1msTick                           0x080009c5   Thumb Code    28  stm32f3xx_ll_utils.o(i.LL_Init1msTick)
    LL_SetSystemCoreClock                    0x080009e1   Thumb Code     6  stm32f3xx_ll_utils.o(i.LL_SetSystemCoreClock)
    MemManage_Handler                        0x080009ed   Thumb Code     4  stm32f3xx_it.o(i.MemManage_Handler)
    NMI_Handler                              0x080009f1   Thumb Code     2  stm32f3xx_it.o(i.NMI_Handler)
    PendSV_Handler                           0x080009f3   Thumb Code     2  stm32f3xx_it.o(i.PendSV_Handler)
    SVC_Handler                              0x080009f5   Thumb Code     2  stm32f3xx_it.o(i.SVC_Handler)
    SysTick_Handler                          0x080009f9   Thumb Code    10  stm32f3xx_it.o(i.SysTick_Handler)
    SystemClock_Config                       0x08000a09   Thumb Code   222  main.o(i.SystemClock_Config)
    SystemCoreClockUpdate                    0x08000af5   Thumb Code   138  system_stm32f3xx.o(i.SystemCoreClockUpdate)
    SystemInit                               0x08000b95   Thumb Code   104  system_stm32f3xx.o(i.SystemInit)
    TIM2_IRQHandler                          0x08000c11   Thumb Code     2  stm32f3xx_it.o(i.TIM2_IRQHandler)
    USART2_IRQHandler                        0x08000c13   Thumb Code     2  stm32f3xx_it.o(i.USART2_IRQHandler)
    UsageFault_Handler                       0x08000c15   Thumb Code     4  stm32f3xx_it.o(i.UsageFault_Handler)
    __0printf$1                              0x08000c19   Thumb Code    22  printf1.o(i.__0printf$1)
    __1printf$1                              0x08000c19   Thumb Code     0  printf1.o(i.__0printf$1)
    __2printf                                0x08000c19   Thumb Code     0  printf1.o(i.__0printf$1)
    __0sprintf$1                             0x08000c39   Thumb Code    34  printf1.o(i.__0sprintf$1)
    __1sprintf$1                             0x08000c39   Thumb Code     0  printf1.o(i.__0sprintf$1)
    __2sprintf                               0x08000c39   Thumb Code     0  printf1.o(i.__0sprintf$1)
    __scatterload_copy                       0x08000c61   Thumb Code    14  handlers.o(i.__scatterload_copy)
    __scatterload_null                       0x08000c6f   Thumb Code     2  handlers.o(i.__scatterload_null)
    __scatterload_zeroinit                   0x08000c71   Thumb Code    14  handlers.o(i.__scatterload_zeroinit)
    apple_create                             0x08000de1   Thumb Code   118  applegenerator.o(i.apple_create)
    apple_in_snake                           0x08000e61   Thumb Code    44  applegenerator.o(i.apple_in_snake)
    apple_is_eaten                           0x08000e8d   Thumb Code    34  applegenerator.o(i.apple_is_eaten)
    change_state                             0x08001029   Thumb Code    56  statesystem.o(i.change_state)
    color                                    0x080010c1   Thumb Code    64  draw.o(i.color)
    draw_button                              0x08001135   Thumb Code   116  draw.o(i.draw_button)
    draw_image                               0x080011a9   Thumb Code   108  draw.o(i.draw_image)
    draw_message                             0x08001215   Thumb Code    52  draw.o(i.draw_message)
    example_state_changer                    0x08001249   Thumb Code     6  examplestate.o(i.example_state_changer)
    example_state_input                      0x08001255   Thumb Code     2  examplestate.o(i.example_state_input)
    example_state_start                      0x08001257   Thumb Code     2  examplestate.o(i.example_state_start)
    example_state_update                     0x08001259   Thumb Code     2  examplestate.o(i.example_state_update)
    fill_screen                              0x0800125b   Thumb Code    40  draw.o(i.fill_screen)
    fputc                                    0x08001285   Thumb Code    26  retarget_io.o(i.fputc)
    free                                     0x080012a5   Thumb Code    76  malloc.o(i.free)
    g_over_state                             0x080012f5   Thumb Code     2  gameoverstate.o(i.g_over_state)
    g_over_state_changer                     0x080012f9   Thumb Code     6  gameoverstate.o(i.g_over_state_changer)
    g_over_state_input                       0x08001305   Thumb Code    16  gameoverstate.o(i.g_over_state_input)
    g_over_state_start                       0x08001319   Thumb Code    94  gameoverstate.o(i.g_over_state_start)
    gpio_lcd_init                            0x08001391   Thumb Code   170  lcd_ili9325.o(i.gpio_lcd_init)
    img_color                                0x08001449   Thumb Code   192  draw.o(i.img_color)
    init_lcd_ili9325                         0x0800152d   Thumb Code   564  lcd_ili9325.o(i.init_lcd_ili9325)
    keypad_poll                              0x08001769   Thumb Code   278  keypad.o(i.keypad_poll)
    lcd_fill_color                           0x080018c5   Thumb Code   226  lcd_ili9325.o(i.lcd_fill_color)
    lcd_set_pixel                            0x080019ad   Thumb Code    62  lcd_ili9325.o(i.lcd_set_pixel)
    main                                     0x080019f1   Thumb Code    98  main.o(i.main)
    malloc                                   0x08001a59   Thumb Code    92  malloc.o(i.malloc)
    menu_button_left_level                   0x08001ac5   Thumb Code    16  menustate.o(i.menu_button_left_level)
    menu_button_level                        0x08001ad5   Thumb Code     2  menustate.o(i.menu_button_level)
    menu_button_right_level                  0x08001ad7   Thumb Code    14  menustate.o(i.menu_button_right_level)
    menu_button_start_play                   0x08001ae5   Thumb Code    12  menustate.o(i.menu_button_start_play)
    menu_draw_buttons                        0x08001af5   Thumb Code    90  menustate.o(i.menu_draw_buttons)
    menu_init_buttons                        0x08001b59   Thumb Code   182  menustate.o(i.menu_init_buttons)
    menu_level_step                          0x08001c3d   Thumb Code   142  menustate.o(i.menu_level_step)
    menu_select_button_by_step               0x08001cd9   Thumb Code   114  menustate.o(i.menu_select_button_by_step)
    menu_state                               0x08001d5d   Thumb Code    92  menustate.o(i.menu_state)
    menu_state_changer                       0x08001dcd   Thumb Code     6  menustate.o(i.menu_state_changer)
    menu_state_input                         0x08001dd9   Thumb Code    94  menustate.o(i.menu_state_input)
    menu_state_start                         0x08001e41   Thumb Code   206  menustate.o(i.menu_state_start)
    my_delay                                 0x08001f35   Thumb Code    20  soundmanager.o(i.my_delay)
    prein_ascii                              0x08001f49   Thumb Code   126  lcd_ili9325.o(i.prein_ascii)
    random_number                            0x08001fc7   Thumb Code    22  applegenerator.o(i.random_number)
    set_direction                            0x08002019   Thumb Code    30  snakemovementstate.o(i.set_direction)
    snake_clear_previous                     0x08002041   Thumb Code    50  snakepart.o(i.snake_clear_previous)
    snake_count                              0x08002073   Thumb Code    18  snakepart.o(i.snake_count)
    snake_create                             0x08002085   Thumb Code    82  snakepart.o(i.snake_create)
    snake_draw                               0x080020d7   Thumb Code    28  snakepart.o(i.snake_draw)
    snake_free_mem                           0x080020f3   Thumb Code    26  snakepart.o(i.snake_free_mem)
    snake_grow                               0x0800210d   Thumb Code    56  snakepart.o(i.snake_grow)
    snake_has_collision                      0x08002145   Thumb Code    38  snakepart.o(i.snake_has_collision)
    snake_movement_state                     0x0800216d   Thumb Code   214  snakemovementstate.o(i.snake_movement_state)
    snake_movement_state_changer             0x08002269   Thumb Code     6  snakemovementstate.o(i.snake_movement_state_changer)
    snake_movement_state_input               0x08002275   Thumb Code    88  snakemovementstate.o(i.snake_movement_state_input)
    snake_movement_state_start               0x080022d1   Thumb Code   112  snakemovementstate.o(i.snake_movement_state_start)
    snake_positions                          0x08002351   Thumb Code    58  snakepart.o(i.snake_positions)
    snake_score_changed                      0x0800238d   Thumb Code    82  snakemovementstate.o(i.snake_score_changed)
    snake_update                             0x080023ed   Thumb Code   120  snakepart.o(i.snake_update)
    sound_correct_key                        0x08002465   Thumb Code    40  soundmanager.o(i.sound_correct_key)
    speaker_init                             0x080024ad   Thumb Code    30  soundmanager.o(i.speaker_init)
    speaker_squeak_hz                        0x080024d1   Thumb Code   174  soundmanager.o(i.speaker_squeak_hz)
    state_system_init                        0x08002589   Thumb Code   122  statesystem.o(i.state_system_init)
    state_system_input                       0x0800264d   Thumb Code    34  statesystem.o(i.state_system_input)
    state_system_update                      0x0800268d   Thumb Code    30  statesystem.o(i.state_system_update)
    wall_generate_map                        0x080026d5   Thumb Code    80  wallgenerator.o(i.wall_generate_map)
    wall_has_collision                       0x08002731   Thumb Code    22  wallgenerator.o(i.wall_has_collision)
    wall_initialize                          0x0800274d   Thumb Code    54  wallgenerator.o(i.wall_initialize)
    wall_select_map                          0x0800278d   Thumb Code     6  wallgenerator.o(i.wall_select_map)
    AHBPrescTable                            0x08002d88   Data          16  system_stm32f3xx.o(.constdata)
    APBPrescTable                            0x08002d98   Data           8  system_stm32f3xx.o(.constdata)
    Region$$Table$$Base                      0x08002db8   Number         0  anon$$obj.o(Region$$Table)
    Region$$Table$$Limit                     0x08002dd8   Number         0  anon$$obj.o(Region$$Table)
    SNAKE                                    0x2000000f   Data         100  images.o(.data)
    APPLE                                    0x20000073   Data         100  images.o(.data)
    DEAD_SNAKE                               0x200000d7   Data         100  images.o(.data)
    BOX                                      0x2000013b   Data         100  images.o(.data)
    TRIANGLE_LEFT_DOWN                       0x2000019f   Data         100  images.o(.data)
    TRIANGLE_LEFT_UP                         0x20000203   Data         100  images.o(.data)
    TRIANGLE_LEFT                            0x20000267   Data         100  images.o(.data)
    WALL                                     0x200002cb   Data         100  images.o(.data)
    states                                   0x20000330   Data           4  statesystem.o(.data)
    CURRENT_STATE                            0x20000334   Data           4  statesystem.o(.data)
    state_data                               0x20000338   Data           4  statesystem.o(.data)
    snake_state_change                       0x2000033c   Data           4  snakemovementstate.o(.data)
    dirX                                     0x20000340   Data           4  snakemovementstate.o(.data)
    dirY                                     0x20000344   Data           4  snakemovementstate.o(.data)
    score                                    0x20000348   Data           4  snakemovementstate.o(.data)
    snake                                    0x2000034c   Data           4  snakemovementstate.o(.data)
    menu_state_change                        0x20000350   Data           4  menustate.o(.data)
    menu_snake                               0x20000354   Data           4  menustate.o(.data)
    menu_buttons                             0x20000358   Data           4  menustate.o(.data)
    dX                                       0x2000035c   Data          16  menustate.o(.data)
    dY                                       0x2000036c   Data          16  menustate.o(.data)
    count_levels                             0x2000037c   Data           4  menustate.o(.data)
    levels                                   0x20000380   Data          12  menustate.o(.data)
    menu_last_color_button                   0x2000038c   Data           4  menustate.o(.data)
    menu_buttons_count                       0x20000390   Data           4  menustate.o(.data)
    menu_selected_button                     0x20000394   Data           4  menustate.o(.data)
    current_dir                              0x20000398   Data           4  menustate.o(.data)
    count_step                               0x2000039c   Data           4  menustate.o(.data)
    appleX                                   0x200003a0   Data           4  applegenerator.o(.data)
    appleY                                   0x200003a4   Data           4  applegenerator.o(.data)
    g_over_state_change                      0x200003a8   Data           4  gameoverstate.o(.data)
    wall_map_index                           0x200003ac   Data           4  wallgenerator.o(.data)
    wall_map                                 0x200003b0   Data           4  wallgenerator.o(.data)
    wall_initialized                         0x200003b4   Data           4  wallgenerator.o(.data)
    wall_patterns                            0x200003b8   Data        2304  wallgenerator.o(.data)
    example_state_change                     0x20000cb8   Data           4  examplestate.o(.data)
    SystemCoreClock                          0x20000cbc   Data           4  system_stm32f3xx.o(.data)
    __stdout                                 0x20000cc0   Data           4  stdout.o(.data)
    __microlib_freelist                      0x20000cc8   Data           4  mvars.o(.data)
    __microlib_freelist_initialised          0x20000ccc   Data           4  mvars.o(.data)
    systickms                                0x20000cd0   Data          20  systickms.o(.bss)
    NONE                                     0x20000fc2   Data         100  images.o(.bss)
    __heap_base                              0x20001028   Data           0  startup_stm32f303xc.o(HEAP)
    __heap_limit                             0x20005028   Data           0  startup_stm32f303xc.o(HEAP)
    __initial_sp                             0x20005428   Data           0  startup_stm32f303xc.o(STACK)



==============================================================================

Memory Map of the image

  Image Entry point : 0x08000189

  Load Region LR_IROM1 (Base: 0x08000000, Size: 0x00003aa8, Max: 0x00040000, ABSOLUTE, COMPRESSED[0x00002ed8])

    Execution Region ER_IROM1 (Exec base: 0x08000000, Load base: 0x08000000, Size: 0x00002dd8, Max: 0x00040000, ABSOLUTE)

    Exec Addr    Load Addr    Size         Type   Attr      Idx    E Section Name        Object

    0x08000000   0x08000000   0x00000188   Data   RO         1973    RESET               startup_stm32f303xc.o
    0x08000188   0x08000188   0x00000000   Code   RO         2015  * .ARM.Collect$$$$00000000  mc_w.l(entry.o)
    0x08000188   0x08000188   0x00000004   Code   RO         2332    .ARM.Collect$$$$00000001  mc_w.l(entry2.o)
    0x0800018c   0x0800018c   0x00000004   Code   RO         2335    .ARM.Collect$$$$00000004  mc_w.l(entry5.o)
    0x08000190   0x08000190   0x00000000   Code   RO         2337    .ARM.Collect$$$$00000008  mc_w.l(entry7b.o)
    0x08000190   0x08000190   0x00000000   Code   RO         2339    .ARM.Collect$$$$0000000A  mc_w.l(entry8b.o)
    0x08000190   0x08000190   0x00000008   Code   RO         2340    .ARM.Collect$$$$0000000B  mc_w.l(entry9a.o)
    0x08000198   0x08000198   0x00000004   Code   RO         2347    .ARM.Collect$$$$0000000E  mc_w.l(entry12b.o)
    0x0800019c   0x0800019c   0x00000000   Code   RO         2342    .ARM.Collect$$$$0000000F  mc_w.l(entry10a.o)
    0x0800019c   0x0800019c   0x00000000   Code   RO         2344    .ARM.Collect$$$$00000011  mc_w.l(entry11a.o)
    0x0800019c   0x0800019c   0x00000004   Code   RO         2333    .ARM.Collect$$$$00002712  mc_w.l(entry2.o)
    0x080001a0   0x080001a0   0x00000024   Code   RO         1974    .text               startup_stm32f303xc.o
    0x080001c4   0x080001c4   0x00000024   Code   RO         2024    .text               mc_w.l(rand.o)
    0x080001e8   0x080001e8   0x00000024   Code   RO         2027    .text               mc_w.l(memcpya.o)
    0x0800020c   0x0800020c   0x00000024   Code   RO         2029    .text               mc_w.l(memseta.o)
    0x08000230   0x08000230   0x0000000e   Code   RO         2031    .text               mc_w.l(strlen.o)
    0x0800023e   0x0800023e   0x000000e4   Code   RO         2324    .text               mf_w.l(dmul.o)
    0x08000322   0x08000322   0x000000de   Code   RO         2326    .text               mf_w.l(ddiv.o)
    0x08000400   0x08000400   0x0000001a   Code   RO         2328    .text               mf_w.l(dfltui.o)
    0x0800041a   0x0800041a   0x00000032   Code   RO         2330    .text               mf_w.l(dfixui.o)
    0x0800044c   0x0800044c   0x0000002c   Code   RO         2348    .text               mc_w.l(uidiv.o)
    0x08000478   0x08000478   0x00000020   Code   RO         2352    .text               mc_w.l(llushr.o)
    0x08000498   0x08000498   0x00000000   Code   RO         2356    .text               mc_w.l(iusefp.o)
    0x08000498   0x08000498   0x000000ba   Code   RO         2357    .text               mf_w.l(depilogue.o)
    0x08000552   0x08000552   0x00000002   PAD
    0x08000554   0x08000554   0x00000024   Code   RO         2365    .text               mc_w.l(init.o)
    0x08000578   0x08000578   0x0000001e   Code   RO         2367    .text               mc_w.l(llshl.o)
    0x08000596   0x08000596   0x00000056   Code   RO         2379    .text               mc_w.l(__dczerorl2.o)
    0x080005ec   0x080005ec   0x00000004   Code   RO          813    i.BusFault_Handler  stm32f3xx_it.o
    0x080005f0   0x080005f0   0x00000030   Code   RO         1842    i.CreateButton      button.o
    0x08000620   0x08000620   0x00000024   Code   RO         1860    i.CreateState       states.o
    0x08000644   0x08000644   0x00000002   Code   RO          814    i.DebugMon_Handler  stm32f3xx_it.o
    0x08000646   0x08000646   0x00000002   Code   RO          815    i.EXTI0_IRQHandler  stm32f3xx_it.o
    0x08000648   0x08000648   0x00000020   Code   RO          905    i.GetASCIICode      asciilib.o
    0x08000668   0x08000668   0x00000004   Code   RO          816    i.HardFault_Handler  stm32f3xx_it.o
    0x0800066c   0x0800066c   0x00000030   Code   RO         1906    i.ITM_SendChar      retarget_io.o
    0x0800069c   0x0800069c   0x000000c8   Code   RO         1119    i.Init_display      display.o
    0x08000764   0x08000764   0x00000080   Code   RO         1085    i.Init_keypad       keypad.o
    0x080007e4   0x080007e4   0x0000007c   Code   RO         1025    i.Init_systickms    systickms.o
    0x08000860   0x08000860   0x0000001c   Code   RO          925    i.LL_AHB1_GRP1_EnableClock  lcd_ili9325.o
    0x0800087c   0x0800087c   0x00000144   Code   RO          138    i.LL_GPIO_Init      stm32f3xx_ll_gpio.o
    0x080009c0   0x080009c0   0x00000004   Code   RO          926    i.LL_GPIO_SetOutputPin  lcd_ili9325.o
    0x080009c4   0x080009c4   0x0000001c   Code   RO          578    i.LL_Init1msTick    stm32f3xx_ll_utils.o
    0x080009e0   0x080009e0   0x0000000c   Code   RO          585    i.LL_SetSystemCoreClock  stm32f3xx_ll_utils.o
    0x080009ec   0x080009ec   0x00000004   Code   RO          817    i.MemManage_Handler  stm32f3xx_it.o
    0x080009f0   0x080009f0   0x00000002   Code   RO          818    i.NMI_Handler       stm32f3xx_it.o
    0x080009f2   0x080009f2   0x00000002   Code   RO          819    i.PendSV_Handler    stm32f3xx_it.o
    0x080009f4   0x080009f4   0x00000002   Code   RO          820    i.SVC_Handler       stm32f3xx_it.o
    0x080009f6   0x080009f6   0x00000002   PAD
    0x080009f8   0x080009f8   0x00000010   Code   RO          821    i.SysTick_Handler   stm32f3xx_it.o
    0x08000a08   0x08000a08   0x000000ec   Code   RO          678    i.SystemClock_Config  main.o
    0x08000af4   0x08000af4   0x000000a0   Code   RO         1981    i.SystemCoreClockUpdate  system_stm32f3xx.o
    0x08000b94   0x08000b94   0x0000007c   Code   RO         1982    i.SystemInit        system_stm32f3xx.o
    0x08000c10   0x08000c10   0x00000002   Code   RO          822    i.TIM2_IRQHandler   stm32f3xx_it.o
    0x08000c12   0x08000c12   0x00000002   Code   RO          823    i.USART2_IRQHandler  stm32f3xx_it.o
    0x08000c14   0x08000c14   0x00000004   Code   RO          824    i.UsageFault_Handler  stm32f3xx_it.o
    0x08000c18   0x08000c18   0x00000020   Code   RO         2080    i.__0printf$1       mc_w.l(printf1.o)
    0x08000c38   0x08000c38   0x00000028   Code   RO         2082    i.__0sprintf$1      mc_w.l(printf1.o)
    0x08000c60   0x08000c60   0x0000000e   Code   RO         2373    i.__scatterload_copy  mc_w.l(handlers.o)
    0x08000c6e   0x08000c6e   0x00000002   Code   RO         2374    i.__scatterload_null  mc_w.l(handlers.o)
    0x08000c70   0x08000c70   0x0000000e   Code   RO         2375    i.__scatterload_zeroinit  mc_w.l(handlers.o)
    0x08000c7e   0x08000c7e   0x00000002   PAD
    0x08000c80   0x08000c80   0x00000154   Code   RO         2087    i._printf_core      mc_w.l(printf1.o)
    0x08000dd4   0x08000dd4   0x0000000a   Code   RO         2089    i._sputc            mc_w.l(printf1.o)
    0x08000dde   0x08000dde   0x00000002   PAD
    0x08000de0   0x08000de0   0x00000080   Code   RO         1515    i.apple_create      applegenerator.o
    0x08000e60   0x08000e60   0x0000002c   Code   RO         1516    i.apple_in_snake    applegenerator.o
    0x08000e8c   0x08000e8c   0x0000002c   Code   RO         1517    i.apple_is_eaten    applegenerator.o
    0x08000eb8   0x08000eb8   0x00000028   Code   RO          927    i.board_lcd_reset   lcd_ili9325.o
    0x08000ee0   0x08000ee0   0x00000070   Code   RO          928    i.board_lcd_write_words  lcd_ili9325.o
    0x08000f50   0x08000f50   0x00000078   Code   RO          929    i.bus_lcd_read_reg  lcd_ili9325.o
    0x08000fc8   0x08000fc8   0x00000060   Code   RO          930    i.bus_lcd_write_reg  lcd_ili9325.o
    0x08001028   0x08001028   0x00000054   Code   RO         1242    i.change_state      statesystem.o
    0x0800107c   0x0800107c   0x00000044   Code   RO         1026    i.cnt1ms            systickms.o
    0x080010c0   0x080010c0   0x00000040   Code   RO         1169    i.color             draw.o
    0x08001100   0x08001100   0x00000034   Code   RO         1027    i.delayms           systickms.o
    0x08001134   0x08001134   0x00000074   Code   RO         1170    i.draw_button       draw.o
    0x080011a8   0x080011a8   0x0000006c   Code   RO         1171    i.draw_image        draw.o
    0x08001214   0x08001214   0x00000034   Code   RO         1172    i.draw_message      draw.o
    0x08001248   0x08001248   0x0000000c   Code   RO         1872    i.example_state_changer  examplestate.o
    0x08001254   0x08001254   0x00000002   Code   RO         1873    i.example_state_input  examplestate.o
    0x08001256   0x08001256   0x00000002   Code   RO         1874    i.example_state_start  examplestate.o
    0x08001258   0x08001258   0x00000002   Code   RO         1875    i.example_state_update  examplestate.o
    0x0800125a   0x0800125a   0x00000028   Code   RO         1173    i.fill_screen       draw.o
    0x08001282   0x08001282   0x00000002   PAD
    0x08001284   0x08001284   0x00000020   Code   RO         1911    i.fputc             retarget_io.o
    0x080012a4   0x080012a4   0x00000050   Code   RO         2296    i.free              mc_w.l(malloc.o)
    0x080012f4   0x080012f4   0x00000002   Code   RO         1561    i.g_over_state      gameoverstate.o
    0x080012f6   0x080012f6   0x00000002   PAD
    0x080012f8   0x080012f8   0x0000000c   Code   RO         1562    i.g_over_state_changer  gameoverstate.o
    0x08001304   0x08001304   0x00000014   Code   RO         1563    i.g_over_state_input  gameoverstate.o
    0x08001318   0x08001318   0x00000078   Code   RO         1564    i.g_over_state_start  gameoverstate.o
    0x08001390   0x08001390   0x000000b8   Code   RO          931    i.gpio_lcd_init     lcd_ili9325.o
    0x08001448   0x08001448   0x000000e4   Code   RO         1174    i.img_color         draw.o
    0x0800152c   0x0800152c   0x0000023c   Code   RO          932    i.init_lcd_ili9325  lcd_ili9325.o
    0x08001768   0x08001768   0x00000124   Code   RO         1086    i.keypad_poll       keypad.o
    0x0800188c   0x0800188c   0x00000038   Code   RO          933    i.lcd_bus_test      lcd_ili9325.o
    0x080018c4   0x080018c4   0x000000e8   Code   RO          934    i.lcd_fill_color    lcd_ili9325.o
    0x080019ac   0x080019ac   0x00000044   Code   RO          936    i.lcd_set_pixel     lcd_ili9325.o
    0x080019f0   0x080019f0   0x00000068   Code   RO          679    i.main              main.o
    0x08001a58   0x08001a58   0x0000006c   Code   RO         2297    i.malloc            mc_w.l(malloc.o)
    0x08001ac4   0x08001ac4   0x00000010   Code   RO         1346    i.menu_button_left_level  menustate.o
    0x08001ad4   0x08001ad4   0x00000002   Code   RO         1347    i.menu_button_level  menustate.o
    0x08001ad6   0x08001ad6   0x0000000e   Code   RO         1348    i.menu_button_right_level  menustate.o
    0x08001ae4   0x08001ae4   0x00000010   Code   RO         1349    i.menu_button_start_play  menustate.o
    0x08001af4   0x08001af4   0x00000064   Code   RO         1350    i.menu_draw_buttons  menustate.o
    0x08001b58   0x08001b58   0x000000e4   Code   RO         1351    i.menu_init_buttons  menustate.o
    0x08001c3c   0x08001c3c   0x0000009c   Code   RO         1352    i.menu_level_step   menustate.o
    0x08001cd8   0x08001cd8   0x00000084   Code   RO         1353    i.menu_select_button_by_step  menustate.o
    0x08001d5c   0x08001d5c   0x00000070   Code   RO         1354    i.menu_state        menustate.o
    0x08001dcc   0x08001dcc   0x0000000c   Code   RO         1355    i.menu_state_changer  menustate.o
    0x08001dd8   0x08001dd8   0x00000068   Code   RO         1356    i.menu_state_input  menustate.o
    0x08001e40   0x08001e40   0x000000f4   Code   RO         1357    i.menu_state_start  menustate.o
    0x08001f34   0x08001f34   0x00000014   Code   RO         1812    i.my_delay          soundmanager.o
    0x08001f48   0x08001f48   0x0000007e   Code   RO          937    i.prein_ascii       lcd_ili9325.o
    0x08001fc6   0x08001fc6   0x00000016   Code   RO         1518    i.random_number     applegenerator.o
    0x08001fdc   0x08001fdc   0x0000000c   Code   RO         1028    i.readcounter       systickms.o
    0x08001fe8   0x08001fe8   0x00000018   Code   RO         1029    i.readflag25ms      systickms.o
    0x08002000   0x08002000   0x00000018   Code   RO         1030    i.readflag50ms      systickms.o
    0x08002018   0x08002018   0x00000028   Code   RO         1288    i.set_direction     snakemovementstate.o
    0x08002040   0x08002040   0x00000032   Code   RO         1441    i.snake_clear_previous  snakepart.o
    0x08002072   0x08002072   0x00000012   Code   RO         1442    i.snake_count       snakepart.o
    0x08002084   0x08002084   0x00000052   Code   RO         1443    i.snake_create      snakepart.o
    0x080020d6   0x080020d6   0x0000001c   Code   RO         1444    i.snake_draw        snakepart.o
    0x080020f2   0x080020f2   0x0000001a   Code   RO         1445    i.snake_free_mem    snakepart.o
    0x0800210c   0x0800210c   0x00000038   Code   RO         1446    i.snake_grow        snakepart.o
    0x08002144   0x08002144   0x00000026   Code   RO         1447    i.snake_has_collision  snakepart.o
    0x0800216a   0x0800216a   0x00000002   PAD
    0x0800216c   0x0800216c   0x000000fc   Code   RO         1289    i.snake_movement_state  snakemovementstate.o
    0x08002268   0x08002268   0x0000000c   Code   RO         1290    i.snake_movement_state_changer  snakemovementstate.o
    0x08002274   0x08002274   0x0000005c   Code   RO         1291    i.snake_movement_state_input  snakemovementstate.o
    0x080022d0   0x080022d0   0x00000080   Code   RO         1292    i.snake_movement_state_start  snakemovementstate.o
    0x08002350   0x08002350   0x0000003a   Code   RO         1448    i.snake_positions   snakepart.o
    0x0800238a   0x0800238a   0x00000002   PAD
    0x0800238c   0x0800238c   0x00000060   Code   RO         1293    i.snake_score_changed  snakemovementstate.o
    0x080023ec   0x080023ec   0x00000078   Code   RO         1449    i.snake_update      snakepart.o
    0x08002464   0x08002464   0x00000048   Code   RO         1823    i.sound_correct_key  soundmanager.o
    0x080024ac   0x080024ac   0x00000024   Code   RO         1800    i.speaker_init      soundmanager.o
    0x080024d0   0x080024d0   0x000000b8   Code   RO         1817    i.speaker_squeak_hz  soundmanager.o
    0x08002588   0x08002588   0x000000c4   Code   RO         1243    i.state_system_init  statesystem.o
    0x0800264c   0x0800264c   0x00000040   Code   RO         1244    i.state_system_input  statesystem.o
    0x0800268c   0x0800268c   0x0000003c   Code   RO         1245    i.state_system_update  statesystem.o
    0x080026c8   0x080026c8   0x0000000c   Code   RO         1912    i.stdout_putchar    retarget_io.o
    0x080026d4   0x080026d4   0x0000005c   Code   RO         1731    i.wall_generate_map  wallgenerator.o
    0x08002730   0x08002730   0x0000001c   Code   RO         1732    i.wall_has_collision  wallgenerator.o
    0x0800274c   0x0800274c   0x00000040   Code   RO         1733    i.wall_initialize   wallgenerator.o
    0x0800278c   0x0800278c   0x0000000c   Code   RO         1734    i.wall_select_map   wallgenerator.o
    0x08002798   0x08002798   0x000005f0   Data   RO          906    .constdata          asciilib.o
    0x08002d88   0x08002d88   0x00000018   Data   RO         1983    .constdata          system_stm32f3xx.o
    0x08002da0   0x08002da0   0x00000015   Data   RO         1359    .conststring        menustate.o
    0x08002db5   0x08002db5   0x00000003   PAD
    0x08002db8   0x08002db8   0x00000020   Data   RO         2371    Region$$Table       anon$$obj.o


    Execution Region RW_IRAM1 (Exec base: 0x20000000, Load base: 0x08002dd8, Size: 0x00005428, Max: 0x0000a000, ABSOLUTE, COMPRESSED[0x00000100])

    Exec Addr    Load Addr    Size         Type   Attr      Idx    E Section Name        Object

    0x20000000   COMPRESSED   0x00000006   Data   RW         1033    .data               systickms.o
    0x20000006   COMPRESSED   0x00000002   PAD
    0x20000008   COMPRESSED   0x00000004   Data   RW         1089    .data               keypad.o
    0x2000000c   COMPRESSED   0x00000003   Data   RW         1125    .data               display.o
    0x2000000f   COMPRESSED   0x00000320   Data   RW         1227    .data               images.o
    0x2000032f   COMPRESSED   0x00000001   PAD
    0x20000330   COMPRESSED   0x0000000c   Data   RW         1247    .data               statesystem.o
    0x2000033c   COMPRESSED   0x00000014   Data   RW         1295    .data               snakemovementstate.o
    0x20000350   COMPRESSED   0x00000050   Data   RW         1360    .data               menustate.o
    0x200003a0   COMPRESSED   0x00000008   Data   RW         1520    .data               applegenerator.o
    0x200003a8   COMPRESSED   0x00000004   Data   RW         1566    .data               gameoverstate.o
    0x200003ac   COMPRESSED   0x0000090c   Data   RW         1736    .data               wallgenerator.o
    0x20000cb8   COMPRESSED   0x00000004   Data   RW         1876    .data               examplestate.o
    0x20000cbc   COMPRESSED   0x00000004   Data   RW         1984    .data               system_stm32f3xx.o
    0x20000cc0   COMPRESSED   0x00000004   Data   RW         2022    .data               mc_w.l(stdout.o)
    0x20000cc4   COMPRESSED   0x00000004   Data   RW         2025    .data               mc_w.l(rand.o)
    0x20000cc8   COMPRESSED   0x00000004   Data   RW         2354    .data               mc_w.l(mvars.o)
    0x20000ccc   COMPRESSED   0x00000004   Data   RW         2355    .data               mc_w.l(mvars.o)
    0x20000cd0        -       0x00000014   Zero   RW         1031    .bss                systickms.o
    0x20000ce4        -       0x00000080   Zero   RW         1087    .bss                keypad.o
    0x20000d64        -       0x0000025e   Zero   RW         1123    .bss                display.o
    0x20000fc2        -       0x00000064   Zero   RW         1226    .bss                images.o
    0x20001026   COMPRESSED   0x00000002   PAD
    0x20001028        -       0x00004000   Zero   RW         1972    HEAP                startup_stm32f303xc.o
    0x20005028        -       0x00000400   Zero   RW         1971    STACK               startup_stm32f303xc.o


==============================================================================

Image component sizes


      Code (inc. data)   RO Data    RW Data    ZI Data      Debug   Object Name

       238         20          0          8          0       2837   applegenerator.o
        32          6       1520          0          0       1363   asciilib.o
        48          0          0          0          0       1027   button.o
       200         18          0          3        606       2763   display.o
       608         54          0          0          0       4376   draw.o
        18          6          0          4          0       2426   examplestate.o
       154         36          0          4          0       2730   gameoverstate.o
         0          0          0        800        100        853   images.o
       420         30          0          4        128       2088   keypad.o
      1638         74          0          0          0      16074   lcd_ili9325.o
       340         20          0          0          0      62092   main.o
      1136        176         21         80          0       7867   menustate.o
        92         12          0          0          0       1907   retarget_io.o
       620         88          0         20          0       4365   snakemovementstate.o
       476          0          0          0          0       6214   snakepart.o
       312         48          0          0          0       2616   soundmanager.o
        36          8        392          0      17408        828   startup_stm32f303xc.o
        36          0          0          0          0        950   states.o
       404        162          0         12          0       2676   statesystem.o
        46          6          0          0          0       5155   stm32f3xx_it.o
         0          0          0          0          0     470384   stm32f3xx_ll_exti.o
       324          0          0          0          0       7155   stm32f3xx_ll_gpio.o
        40          6          0          0          0       2249   stm32f3xx_ll_utils.o
       284         42         24          4          0       1963   system_stm32f3xx.o
       304         78          0          6         20       8569   systickms.o
       196         34          0       2316          0       2962   wallgenerator.o

    ----------------------------------------------------------------------
      8012        924       1992       3264      18264     624489   Object Totals
         0          0         32          0          0          0   (incl. Generated)
        10          0          3          3          2          0   (incl. Padding)

    ----------------------------------------------------------------------

      Code (inc. data)   RO Data    RW Data    ZI Data      Debug   Library Member Name

        86          0          0          0          0          0   __dczerorl2.o
         0          0          0          0          0          0   entry.o
         0          0          0          0          0          0   entry10a.o
         0          0          0          0          0          0   entry11a.o
         4          0          0          0          0          0   entry12b.o
         8          4          0          0          0          0   entry2.o
         4          0          0          0          0          0   entry5.o
         0          0          0          0          0          0   entry7b.o
         0          0          0          0          0          0   entry8b.o
         8          4          0          0          0          0   entry9a.o
        30          0          0          0          0          0   handlers.o
        36          8          0          0          0         68   init.o
         0          0          0          0          0          0   iusefp.o
        30          0          0          0          0         68   llshl.o
        32          0          0          0          0         68   llushr.o
       188         20          0          0          0        160   malloc.o
        36          0          0          0          0         68   memcpya.o
        36          0          0          0          0        108   memseta.o
         0          0          0          8          0          0   mvars.o
       422         20          0          0          0        336   printf1.o
        36         10          0          4          0        136   rand.o
         0          0          0          4          0          0   stdout.o
        14          0          0          0          0         68   strlen.o
        44          0          0          0          0         80   uidiv.o
       222          0          0          0          0        100   ddiv.o
       186          0          0          0          0        176   depilogue.o
        50          0          0          0          0         76   dfixui.o
        26          0          0          0          0         76   dfltui.o
       228          0          0          0          0         96   dmul.o

    ----------------------------------------------------------------------
      1732         66          0         16          0       1684   Library Totals
         6          0          0          0          0          0   (incl. Padding)

    ----------------------------------------------------------------------

      Code (inc. data)   RO Data    RW Data    ZI Data      Debug   Library Name

      1014         66          0         16          0       1160   mc_w.l
       712          0          0          0          0        524   mf_w.l

    ----------------------------------------------------------------------
      1732         66          0         16          0       1684   Library Totals

    ----------------------------------------------------------------------

==============================================================================


      Code (inc. data)   RO Data    RW Data    ZI Data      Debug   

      9744        990       1992       3280      18264     615925   Grand Totals
      9744        990       1992        256      18264     615925   ELF Image Totals (compressed)
      9744        990       1992        256          0          0   ROM Totals

==============================================================================

    Total RO  Size (Code + RO Data)                11736 (  11.46kB)
    Total RW  Size (RW Data + ZI Data)             21544 (  21.04kB)
    Total ROM Size (Code + RO Data + RW Data)      11992 (  11.71kB)

==============================================================================

